[www.pbssoft.com/index.html]
[backblue.gif]
[fade.gif]
[index.html]
[www.pbssoft.com/uploads/settings/logo.png]
[www.pbssoft.com/assets/frontend/img/favicon.png]
[stackpath.bootstrapcdn.com/font-awesome/4.7.0/css/font-awesome.min.css]
[www.pbssoft.com/assets/frontend/css/bootstrap.min.css]
[www.pbssoft.com/assets/frontend/css/owl.carousel.min.css]
[www.pbssoft.com/assets/frontend/css/animate.min.css]
[www.pbssoft.com/assets/frontend/css/magnific-popup.css]
[www.pbssoft.com/assets/frontend/css/fontawesome-all.min.css]
[www.pbssoft.com/assets/frontend/css/themify-icons.css]
[www.pbssoft.com/assets/frontend/css/slick.css]
[www.pbssoft.com/assets/frontend/css/meanmenu.css]
[www.pbssoft.com/assets/frontend/css/default.css]
[www.pbssoft.com/assets/frontend/css/style.css]
[www.pbssoft.com/assets/frontend/css/responsive.css]
[code.jquery.com/jquery-1.11.3.min.js]
[cdn.datatables.net/1.11.1/js/jquery.dataTables.min.js]
[cdn.datatables.net/1.11.1/css/jquery.dataTables.min.css]
[www.pbssoft.com/assets/frontend/vendor/fontawesome/css/all.min.css]
[www.pbssoft.com/assets/frontend/vendor/owl.carousel/assets/owl.carousel.min.css]
[www.pbssoft.com/assets/frontend/vendor/icofont/icofont.min.css]
[www.pbssoft.com/assets/frontend/vendor/owl.carousel/owl.carousel.min.js]
[www.pbssoft.com/assets/frontend/js/carausol_slider.js]
[maxcdn.bootstrapcdn.com/font-awesome/4.5.0/css/font-awesome.min.css]
[www.pbssoft.com/assets/frontend/images/reg_student.png]
[www.pbssoft.com/assets/frontend/images/reg_faculty.png]
[www.pbssoft.com/service.html]
[www.pbssoft.com/placements.html]
[www.pbssoft.com/mock-interview.html]
[www.pbssoft.com/academics]
[www.pbssoft.com/software-development.html]
[www.pbssoft.com/courses-offering.html]
[www.pbssoft.com/online-training-schedules.html]
[www.pbssoft.com/classroom-training-schedules.html]
[www.pbssoft.com/weekend-workshops.html]
[www.pbssoft.com/free-training-schedules.html]
[www.pbssoft.com/career.html]
[www.pbssoft.com/internship-detail.html]
[www.pbssoft.com/interview-questions.html]
[www.pbssoft.com/pbssoft-blog.html]
[www.pbssoft.com/about-us.html]
[www.pbssoft.com/contact-us.html]
[www.pbssoft.com/data-structures-algorithms-online-training.html]
[www.pbssoft.com/verify_otp/check_otp/index.html]
[www.pbssoft.com/spring-boot-microservices-online-training.html]
[www.pbssoft.com/java-realtime-project-online-training.html]
[www.pbssoft.com/java-fullstack-developer-course.html]
[www.pbssoft.com/devops-with-aws-online-training.html]
[www.pbssoft.com/services.html]
[www.pbssoft.com/assets/frontend/images/go-ahed-bg.png]
[www.pbssoft.com/assets/frontend/images/training1.png]
[www.pbssoft.com/assets/frontend/images/training2.png]
[www.pbssoft.com/assets/frontend/images/training3.png]
[www.pbssoft.com/assets/frontend/images/training4.png]
[www.pbssoft.com/assets/frontend/images/logo.png]
[www.pbssoft.com/terms-and-conditions.html]
[wati-integration-service.clare.ai/ShopifyWidget/shopifyWidgete9b8.js]
[cdn.livechatinc.com/tracking.js]
[www.pbssoft.com/assets/frontend/js/vendor/modernizr-3.5.0.min.js]
[www.pbssoft.com/assets/frontend/js/popper.min.js]
[www.pbssoft.com/assets/frontend/js/bootstrap.min.js]
[www.pbssoft.com/assets/frontend/js/owl.carousel.min.js]
[www.pbssoft.com/assets/frontend/js/isotope.pkgd.min.js]
[www.pbssoft.com/assets/frontend/js/one-page-nav-min.js]
[www.pbssoft.com/assets/frontend/js/slick.min.js]
[www.pbssoft.com/assets/frontend/js/ajax-form.js]
[www.pbssoft.com/assets/frontend/js/wow.min.js]
[www.pbssoft.com/assets/frontend/js/jquery.meanmenu.min.js]
[www.pbssoft.com/assets/frontend/js/jquery.scrollUp.min.js]
[www.pbssoft.com/assets/frontend/js/jquery.barfiller.js]
[www.pbssoft.com/assets/frontend/js/imagesloaded.pkgd.min.js]
[www.pbssoft.com/assets/frontend/js/jquery.counterup.min.js]
[www.pbssoft.com/assets/frontend/js/waypoints.min.js]
[www.pbssoft.com/assets/frontend/js/jquery.magnific-popup.min.js]
[www.pbssoft.com/assets/frontend/js/plugins.js]
[www.pbssoft.com/assets/frontend/js/main.js]
[www.pbssoft.com/assets/js/lazysizes.min.js]
[cdnjs.cloudflare.com/ajax/libs/toastr.js/latest/js/toastr.min.js]
[cdnjs.cloudflare.com/ajax/libs/toastr.js/latest/css/toastr.min.css]
[www.pbssoft.com/index.html]
[www.pbssoft.com/assets/frontend/img/favicon.html]
[stackpath.bootstrapcdn.com/font-awesome/4.7.0/css/font-awesome.min.css]
[www.pbssoft.com/assets/frontend/css/bootstrap.min.css]
[www.pbssoft.com/assets/js/checkout.js]
[www.pbssoft.com/assets/frontend/css/owl.carousel.min.css]
[www.pbssoft.com/assets/frontend/css/animate.min.css]
[www.pbssoft.com/assets/frontend/css/magnific-popup.css]
[www.pbssoft.com/assets/frontend/fonts/fa-brands-400.eot]
[www.pbssoft.com/assets/frontend/fonts/fa-brands-400d41dd41d.eot]
[www.pbssoft.com/assets/frontend/fonts/fa-brands-400.woff2]
[www.pbssoft.com/assets/frontend/fonts/fa-brands-400.woff]
[www.pbssoft.com/assets/frontend/fonts/fa-brands-400.ttf]
[www.pbssoft.com/assets/frontend/fonts/fa-brands-400.svg]
[www.pbssoft.com/assets/frontend/fonts/fa-regular-400.eot]
[www.pbssoft.com/assets/frontend/fonts/fa-regular-400d41dd41d.eot]
[www.pbssoft.com/assets/frontend/fonts/fa-regular-400.woff2]
[www.pbssoft.com/assets/frontend/fonts/fa-regular-400.woff]
[www.pbssoft.com/assets/frontend/fonts/fa-regular-400.ttf]
[www.pbssoft.com/assets/frontend/fonts/fa-regular-400.svg]
[www.pbssoft.com/assets/frontend/fonts/fa-solid-900.eot]
[www.pbssoft.com/assets/frontend/fonts/fa-solid-900d41dd41d.eot]
[www.pbssoft.com/assets/frontend/fonts/fa-solid-900.woff2]
[www.pbssoft.com/assets/frontend/fonts/fa-solid-900.woff]
[www.pbssoft.com/assets/frontend/fonts/fa-solid-900.ttf]
[www.pbssoft.com/assets/frontend/css/fontawesome-all.min.css]
[www.pbssoft.com/assets/frontend/fonts/fa-solid-900.svg]
[www.pbssoft.com/assets/frontend/fonts/themify9f249f24.eot]
[www.pbssoft.com/assets/frontend/fonts/themifyd41dd41d.eot]
[www.pbssoft.com/assets/frontend/fonts/themify9f249f24.woff]
[www.pbssoft.com/assets/frontend/fonts/themify9f249f24.ttf]
[www.pbssoft.com/assets/frontend/css/themify-icons.css]
[www.pbssoft.com/assets/frontend/css/slick.css]
[www.pbssoft.com/assets/frontend/css/meanmenu.css]
[www.pbssoft.com/assets/frontend/css/default.css]
[www.pbssoft.com/assets/frontend/fonts/themify9f249f24.svg]
[www.pbssoft.com/assets/frontend/images/course-bg1.jpg]
[www.pbssoft.com/assets/frontend/img/events/events-registration-form-heading.png]
[www.pbssoft.com/assets/frontend/img/testimonials/testi_quato001.png]
[www.pbssoft.com/assets/frontend/img/video/video_bg.jpg]
[www.pbssoft.com/assets/frontend/images/flags.png]
[www.pbssoft.com/assets/frontend/css/style.css]
[www.pbssoft.com/assets/frontend/css/responsive.css]
[www.datatables.net/examples/resources/details_open.png]
[www.datatables.net/examples/resources/details_close.png]
[cdn.datatables.net/1.11.1/images/sort_both.png]
[cdn.datatables.net/1.11.1/images/sort_asc.png]
[cdn.datatables.net/1.11.1/images/sort_desc.png]
[cdn.datatables.net/1.11.1/images/sort_asc_disabled.png]
[cdn.datatables.net/1.11.1/images/sort_desc_disabled.png]
[cdn.datatables.net/1.11.1/css/jquery.dataTables.min.css]
[www.pbssoft.com/assets/frontend/vendor/fontawesome/webfonts/fa-brands-400.eot]
[www.pbssoft.com/assets/frontend/vendor/fontawesome/webfonts/fa-brands-400d41d.eot]
[www.pbssoft.com/assets/frontend/vendor/fontawesome/webfonts/fa-brands-400.woff2]
[www.pbssoft.com/assets/frontend/vendor/fontawesome/webfonts/fa-brands-400.woff]
[www.pbssoft.com/assets/frontend/vendor/fontawesome/webfonts/fa-brands-400.ttf]
[www.pbssoft.com/assets/frontend/vendor/fontawesome/webfonts/fa-brands-400.svg]
[www.pbssoft.com/assets/frontend/vendor/fontawesome/webfonts/fa-regular-400.eot]
[www.pbssoft.com/assets/frontend/vendor/fontawesome/webfonts/fa-regular-400d41d.eot]
[www.pbssoft.com/assets/frontend/vendor/fontawesome/webfonts/fa-regular-400.woff2]
[www.pbssoft.com/assets/frontend/vendor/fontawesome/webfonts/fa-regular-400.woff]
[www.pbssoft.com/assets/frontend/vendor/fontawesome/webfonts/fa-regular-400.ttf]
[www.pbssoft.com/assets/frontend/vendor/fontawesome/webfonts/fa-regular-400.svg]
[www.pbssoft.com/assets/frontend/vendor/fontawesome/webfonts/fa-solid-900.eot]
[www.pbssoft.com/assets/frontend/vendor/fontawesome/webfonts/fa-solid-900d41d.eot]
[www.pbssoft.com/assets/frontend/vendor/fontawesome/webfonts/fa-solid-900.woff2]
[www.pbssoft.com/assets/frontend/vendor/fontawesome/webfonts/fa-solid-900.woff]
[www.pbssoft.com/assets/frontend/vendor/fontawesome/webfonts/fa-solid-900.ttf]
[www.pbssoft.com/assets/frontend/vendor/fontawesome/css/all.min.css]
[www.pbssoft.com/assets/frontend/vendor/fontawesome/webfonts/fa-solid-900.svg]
[www.pbssoft.com/assets/frontend/vendor/owl.carousel/assets/owl.video.play.png]
[www.pbssoft.com/assets/frontend/vendor/owl.carousel/assets/owl.carousel.min.css]
[www.pbssoft.com/assets/frontend/vendor/icofont/fonts/icofont.woff2]
[www.pbssoft.com/assets/frontend/vendor/icofont/fonts/icofont.woff]
[www.pbssoft.com/assets/frontend/vendor/icofont/icofont.min.css]
[maxcdn.bootstrapcdn.com/font-awesome/4.5.0/css/font-awesome.min.css]
[www.pbssoft.com/academics.87.delayed]
[www.pbssoft.com/service.html]
[www.pbssoft.com/career_application_form/index/job/6.html]
[www.pbssoft.com/placements.html]
[www.pbssoft.com/career_application_form/index/job/7.html]
[www.pbssoft.com/uploads/mock_interview/1584953987_1634967971.jpg]
[www.pbssoft.com/assets/frontend/mockinterview/quote.png]
[www.pbssoft.com/uploads/mock_interview/1677443563_1634967971.png]
[www.pbssoft.com/uploads/mock_interview/821232718_1634967996.jpg]
[www.pbssoft.com/uploads/mock_interview/1814056026_1634967996.jpg]
[www.pbssoft.com/uploads/mock_interview/380491444_1634968020.jpg]
[www.pbssoft.com/uploads/mock_interview/1469543112_1634968020.png]
[www.pbssoft.com/uploads/mock_interview/224984856_1634968052.jpg]
[www.pbssoft.com/uploads/mock_interview/542584088_1634968052.png]
[cdn.jsdelivr.net/npm/bootstrap@5.0.1/dist/js/bootstrap.bundle.min.js]
[www.pbssoft.com/mock-interview.html]
[checkout.razorpay.com/v1/checkout.js]
[www.pbssoft.com/assets/frontend/images/web-dev.png]
[www.pbssoft.com/assets/frontend/images/mobile-app.png]
[www.pbssoft.com/assets/frontend/images/cloud-service.png]
[www.pbssoft.com/assets/frontend/images/digital-marketing.png]
[www.pbssoft.com/assets/frontend/images/application-security.png]
[www.pbssoft.com/assets/frontend/images/graphic-design.png]
[www.pbssoft.com/software-development.html]
[www.pbssoft.com/assets/frontend/css/blog.css]
[www.pbssoft.com/advanced-java-online-training.html]
[www.pbssoft.com/uploads/course/advanced-java-online-training.jpg]
[www.pbssoft.com/uploads/course/spring-boot-microservices-online-training.png]
[www.pbssoft.com/uploads/course/java-realtime-project-online-training.png]
[www.pbssoft.com/uploads/course/java-fullstack-development-online-training.png]
[www.pbssoft.com/java-new-features-online-training.html]
[www.pbssoft.com/uploads/course/java-new-features-online-training.jpg]
[www.pbssoft.com/uploads/course/html-css-online-training.jpg]
[www.pbssoft.com/html-css-online-training.html]
[www.pbssoft.com/angular-online-training.html]
[www.pbssoft.com/uploads/course/angular-online-training.png]
[www.pbssoft.com/react-js-online-training.html]
[www.pbssoft.com/uploads/course/react-js-online-training.png]
[www.pbssoft.com/node-js-online-training.html]
[www.pbssoft.com/uploads/course/1086991808_1641188246.jpg]
[www.pbssoft.com/ui-fullstack-development-online-training.html]
[www.pbssoft.com/uploads/course/ui-fullstack-development-online-training.jpg]
[www.pbssoft.com/python-fullstack-online-training.html]
[www.pbssoft.com/uploads/course/python-fullstack-online-training.jpg]
[www.pbssoft.com/python-online-training.html]
[www.pbssoft.com/uploads/course/python-online-training.jpg]
[www.pbssoft.com/https-bit-ly-41ihjdj.html]
[www.pbssoft.com/uploads/course/https-bit-ly-41ihjdj.png]
[www.pbssoft.com/0]
[www.pbssoft.com/uploads/course/DATA STURCTURE.jpg]
[www.pbssoft.com/system-design-online-training.html]
[www.pbssoft.com/uploads/course/system-design-online-training.jpg]
[www.pbssoft.com/uploads/course/devops-with-aws-online-training.png]
[www.pbssoft.com/docker-kubernetes-online-training.html]
[www.pbssoft.com/uploads/course/docker-kubernetes-online-training.jpg]
[www.pbssoft.com/salesforce-crm-online-training.html]
[www.pbssoft.com/uploads/course/salesforce-crm-online-training.jpg]
[www.pbssoft.com/aws-online-training.html]
[www.pbssoft.com/uploads/course/aws-online-training.jpg]
[www.pbssoft.com/azure-cloud-online-training.html]
[www.pbssoft.com/uploads/course/azure-cloud-online-training.jpg]
[www.pbssoft.com/software-testing-online-training.html]
[www.pbssoft.com/uploads/course/software-testing-online-training.jpg]
[www.pbssoft.com/selenium-online-training.html]
[www.pbssoft.com/uploads/course/selenium-online-training.jpg]
[www.pbssoft.com/data-science-online-training.html]
[www.pbssoft.com/uploads/course/data-science-online-training.jpg]
[www.pbssoft.com/uploads/course/mulesoft-online-training.jpg]
[www.pbssoft.com/mulesoft-online-training.html]
[www.pbssoft.com/uploads/course/power-bi-online-training.jpg]
[www.pbssoft.com/power-bi-online-training.html]
[www.pbssoft.com/linux-online-training.html]
[www.pbssoft.com/uploads/course/linux-online-training.jpg]
[www.pbssoft.com/uploads/course/c-language-online-training.jpg]
[www.pbssoft.com/c-language-online-training.html]
[www.pbssoft.com/oracle-online-training.html]
[www.pbssoft.com/uploads/course/oracle-online-training.jpg]
[www.pbssoft.com/azure-devops-online-training.html]
[www.pbssoft.com/uploads/course/azure-devops-online-training.jpg]
[www.pbssoft.com/courses-offering.html]
[www.pbssoft.com/java-fullstack-developer-course-online-training]
[www.pbssoft.com/java-fullstack-developer-course-online-training]
[www.pbssoft.com/online-training-schedules.html]
[www.pbssoft.com/java-fullstack-developer-course-online-training]
[www.pbssoft.com/classroom-training-schedules.html]
[www.pbssoft.com/weekend-workshops.html]
[www.pbssoft.com/free-training-schedules.html]
[www.pbssoft.com/assets/frontend/images/career-banner01.png]
[www.pbssoft.com/assets/frontend/images/career_intern0011.png]
[www.pbssoft.com/job-detail]
[www.pbssoft.com/career.html]
[www.pbssoft.com/assets/frontend/images/career_jobs0011.png]
[www.pbssoft.com/internship-detail.html]
[www.pbssoft.com/career_application_form/index/internship.html]
[www.pbssoft.com/assets/frontend/images/interview_qun_banner.png]
[www.pbssoft.com/interview-questions/top-50-spring-web-mvc-interview-questions-answers-ashok-it.html]
[www.pbssoft.com/interview-questions/top-100-core-java-interview-questions-answers.html]
[www.pbssoft.com/interview-questions/top-100-advanced-java-interview-questions-answers.html]
[www.pbssoft.com/interview-questions/top-30-git-interview-questions-and-answers.html]
[www.pbssoft.com/interview-questions/linux-basic-commands-every-user-should-know.html]
[www.pbssoft.com/interview-questions/frequently-asked-python-interview-questions-and-answers.html]
[www.pbssoft.com/interview-questions/top-50-react-js-questions-answers.html]
[www.pbssoft.com/interview-questions.html]
[www.pbssoft.com/interview-questions/top-250-devops-interview-questions-answers-ashok-it.html]
[www.pbssoft.com/blog-post/introduction-to-data-structures/17.html]
[www.pbssoft.com/uploads/blog/712426724_1654066241.jpg]
[www.pbssoft.com/blog-post/Introduction_to_Data_Structures/17.html]
[www.pbssoft.com/blog-post/introduction-to-angular/16.html]
[www.pbssoft.com/uploads/blog/1942886506_1653720372.jpg]
[www.pbssoft.com/blog-post/Introduction_To_Angular/16.html]
[www.pbssoft.com/blog-post/what-is-devops-/15.html]
[www.pbssoft.com/uploads/blog/1579099695_1653647306.jpg]
[www.pbssoft.com/blog-post/What_is_DevOps/15.html]
[www.pbssoft.com/uploads/blog/721310883_1652780203.jpg]
[www.pbssoft.com/blog-post/software-testing-tutorial/14.html]
[www.pbssoft.com/blog-post/Software_Testing_Tutorial/14.html]
[www.pbssoft.com/blog-post/what-is-data-science-/13.html]
[www.pbssoft.com/pbssoft-blog/index4658.html]
[www.pbssoft.com/uploads/blog/1183690832_1652780182.jpg]
[www.pbssoft.com/blog-post/importance-of-python/12.html]
[www.pbssoft.com/uploads/blog/1187462089_1652160546.jpg]
[www.pbssoft.com/blog/category/JAVA/8.html]
[www.pbssoft.com/blog/category/Spring_Boot/9.html]
[www.pbssoft.com/blog/category/Phython/11.html]
[www.pbssoft.com/blog/category/Data_science/12.html]
[www.pbssoft.com/blog/category/Software_Testing/13.html]
[www.pbssoft.com/blog/category/Devops/14.html]
[www.pbssoft.com/blog/category/Angular/15.html]
[www.pbssoft.com/blog/category/Data_Structure/16.html]
[www.pbssoft.com/pbssoft-blog.html]
[www.pbssoft.com/about-us.html]
[www.pbssoft.com/contact-us.html]
[www.pbssoft.com/verify_otp/check_otp/index.html]
[www.pbssoft.com/blog/category/Power_BI/17.html]
[www.pbssoft.com/verify_otp/check_otp/verify_otp/check_otp/index.html]
[www.pbssoft.com/assets/frontend/images/online.svg]
[www.pbssoft.com/assets/frontend/images/installment.svg]
[www.pbssoft.com/uploads/course/1359274417_1636448852.pdf]
[www.pbssoft.com/assets/frontend/images/learn_from_home.png]
[www.pbssoft.com/assets/frontend/images/beginner_friendly.png]
[www.pbssoft.com/assets/frontend/images/doubt_clearing.png]
[www.pbssoft.com/assets/frontend/images/projects.png]
[www.pbssoft.com/assets/frontend/images/downloadable_content.png]
[www.pbssoft.com/assets/frontend/images/beginner_friendly-1.png]
[www.pbssoft.com/assets/frontend/images/v1.webp]
[www.pbssoft.com/assets/frontend/images/v2.webp]
[www.pbssoft.com/assets/frontend/images/v3.webp]
[www.pbssoft.com/assets/frontend/images/v4.webp]
[www.pbssoft.com/data-structures-algorithms-online-training.html]
[www.pbssoft.com/uploads/course/847783647_1661854272.pdf]
[www.pbssoft.com/spring-boot-microservices-online-training.html]
[www.pbssoft.com/uploads/course/1538688493_1692264372.pdf]
[www.pbssoft.com/java-realtime-project-online-training.html]
[www.pbssoft.com/uploads/course/829083536_1636428894.pdf]
[www.pbssoft.com/java-fullstack-developer-course.html]
[www.pbssoft.com/uploads/course/2036516418_1661858494.pdf]
[www.pbssoft.com/devops-with-aws-online-training.html]
[www.pbssoft.com/assets/frontend/images/services221.png]
[www.pbssoft.com/assets/frontend/images/services01.png]
[www.pbssoft.com/assets/frontend/images/classroomboard01.png]
[www.pbssoft.com/assets/frontend/images/corporate01.png]
[www.pbssoft.com/assets/frontend/images/placement01.png]
[www.pbssoft.com/assets/frontend/images/internship01.png]
[www.pbssoft.com/services.html]
[www.pbssoft.com/terms-and-conditions.html]
[cdnjs.cloudflare.com/ajax/libs/toastr.js/latest/css/toastr.min.css]
[www.pbssoft.com/auth/is_session/user/my_course/index.html]
[www.pbssoft.com/auth/is_session/user/dashboard/index.html]
[www.pbssoft.com/assets/frontend/css/owl.video.play.html]
[www.pbssoft.com/assets/frontend/fonts/fa-brands-400.svg]
[www.pbssoft.com/assets/frontend/fonts/fa-regular-400.svg]
[www.pbssoft.com/assets/frontend/fonts/fa-solid-900.svg]
[www.pbssoft.com/assets/frontend/fonts/themify9f249f24.svg]
[www.pbssoft.com/assets/frontend/vendor/fontawesome/webfonts/fa-brands-400.svg]
[www.pbssoft.com/assets/frontend/vendor/fontawesome/webfonts/fa-regular-400.svg]
[www.pbssoft.com/assets/frontend/vendor/fontawesome/webfonts/fa-solid-900.svg]
[www.pbssoft.com/career_application_form/index/job/6.html]
[www.pbssoft.com/career_application_form/index/job/verify_otp/check_otp/index.html]
[www.pbssoft.com/career_application_form/index/job/7.html]
[www.pbssoft.com/assets/frontend/css/blog.css]
[www.pbssoft.com/uploads/course/205668414_1636283256.pdf]
[www.pbssoft.com/advanced-java-online-training.html]
[www.pbssoft.com/java-new-features-online-training.html]
[www.pbssoft.com/uploads/course/1490842158_1636443828.pdf]
[www.pbssoft.com/html-css-online-training.html]
[www.pbssoft.com/uploads/course/1763937834_1636443901.pdf]
[www.pbssoft.com/angular-online-training.html]
[www.pbssoft.com/uploads/course/1968511421_1657873736.pdf]
[www.pbssoft.com/react-js-online-training.html]
[www.pbssoft.com/uploads/course/652154656_1636443945.pdf]
[www.pbssoft.com/node-js-online-training.html]
[www.pbssoft.com/uploads/course/1714022215_1636444063.pdf]
[www.pbssoft.com/ui-fullstack-development-online-training.html]
[www.pbssoft.com/uploads/course/1073972950_1636432734.pdf]
[www.pbssoft.com/python-fullstack-online-training.html]
[www.pbssoft.com/python-online-training.html]
[www.pbssoft.com/0]
[www.pbssoft.com/https-bit-ly-41ihjdj.html]
[www.pbssoft.com/system-design-online-training.html]
[www.pbssoft.com/uploads/course/1321976165_1657877617.pdf]
[www.pbssoft.com/docker-kubernetes-online-training.html]
[www.pbssoft.com/uploads/course/1897116893_1635921525.pdf]
[www.pbssoft.com/salesforce-crm-online-training.html]
[www.pbssoft.com/uploads/course/811411476_1697015743.pdf]
[www.pbssoft.com/aws-online-training.html]
[www.pbssoft.com/azure-cloud-online-training.html]
[www.pbssoft.com/uploads/course/825832720_1641811027.pdf]
[www.pbssoft.com/software-testing-online-training.html]
[www.pbssoft.com/selenium-online-training.html]
[www.pbssoft.com/uploads/course/698306937_1636453686.pdf]
[www.pbssoft.com/data-science-training]
[www.pbssoft.com/data-science-training]
[www.pbssoft.com/data-science-online-training.html]
[www.pbssoft.com/mulesoft-online-training.html]
[www.pbssoft.com/uploads/course/1487067472_1635921606.pdf]
[www.pbssoft.com/power-bi-online-training.html]
[www.pbssoft.com/uploads/course/1320043746_1637052641.pdf]
[www.pbssoft.com/linux-online-training.html]
[www.pbssoft.com/uploads/course/884468752_1637146675.pdf]
[www.pbssoft.com/uploads/course/227564560_1636269353.pdf]
[www.pbssoft.com/c-language-online-training.html]
[www.pbssoft.com/uploads/course/1726243158_1667612569.pdf]
[www.pbssoft.com/oracle-online-training.html]
[www.pbssoft.com/uploads/course/1543642487_1677326791.pdf]
[www.pbssoft.com/azure-devops-online-training.html]
[www.pbssoft.com/career_application_form/index/internship.html]
[www.pbssoft.com/career_application_form/index/verify_otp/check_otp/index.html]
[www.pbssoft.com/online-batches]
[www.pbssoft.com/interview-questions/verify_otp/check_otp/index.html]
[www.pbssoft.com/assets/frontend/images/classroom-training.png]
[www.pbssoft.com/classroom-batches]
[www.pbssoft.com/assets/frontend/images/on-campus-training.png]
[www.pbssoft.com/assets/frontend/images/corporate-training.png]
[www.pbssoft.com/assets/frontend/images/conference.png]
[www.pbssoft.com/assets/frontend/images/recruitment.png]
[www.pbssoft.com/assets/frontend/images/expert.png]
[www.pbssoft.com/interview-questions/top-50-spring-web-mvc-interview-questions-answers-ashok-it.html]
[www.pbssoft.com/online-batches]
[www.pbssoft.com/classroom-batches]
[www.pbssoft.com/interview-questions/top-100-core-java-interview-questions-answers.html]
[www.pbssoft.com/uploads/interview_questions/121145751_1638175891.jpg]
[www.pbssoft.com/uploads/interview_questions/2076966849_1638177393.jpg]
[www.pbssoft.com/uploads/interview_questions/1867496316_1638178614.jpg]
[www.pbssoft.com/uploads/interview_questions/98560001_1638178702.jpg]
[www.pbssoft.com/uploads/interview_questions/1547692202_1638179755.jpg]
[www.pbssoft.com/uploads/interview_questions/1213386387_1638186201.jpg]
[www.pbssoft.com/online-batches]
[www.pbssoft.com/classroom-batches]
[www.pbssoft.com/interview-questions/top-100-advanced-java-interview-questions-answers.html]
[www.pbssoft.com/online-batches]
[www.pbssoft.com/classroom-batches]
[www.pbssoft.com/interview-questions/top-30-git-interview-questions-and-answers.html]
[www.pbssoft.com/online-batches]
[www.pbssoft.com/classroom-batches]
[www.pbssoft.com/interview-questions/linux-basic-commands-every-user-should-know.html]
[www.pbssoft.com/online-batches]
[www.pbssoft.com/classroom-batches]
[www.pbssoft.com/interview-questions/frequently-asked-python-interview-questions-and-answers.html]
[www.pbssoft.com/online-batches]
[www.pbssoft.com/classroom-batches]
[www.pbssoft.com/interview-questions/top-50-react-js-questions-answers.html]
[www.pbssoft.com/online-batches]
[www.pbssoft.com/classroom-batches]
[www.pbssoft.com/interview-questions/top-250-devops-interview-questions-answers-ashok-it.html]
[www.pbssoft.com/introduction-to-data-structures]
[www.pbssoft.com/blog-post/What_Is_Data_Science/13.html]
[www.pbssoft.com/blog-post/introduction-to-data-structures/verify_otp/check_otp/index.html]
[www.pbssoft.com/blog-post/introduction-to-data-structures/17.html]
[www.pbssoft.com/blog-post/Importance_Of_Python/12.html]
[www.pbssoft.com/introduction-to-data-structures]
[www.pbssoft.com/blog-post/Introduction_to_Data_Structures/17.html]
[www.pbssoft.com/blog-post/Introduction_to_Data_Structures/verify_otp/check_otp/index.html]
[www.pbssoft.com/introduction-to-angular]
[www.pbssoft.com/blog-post/introduction-to-angular/16.html]
[www.pbssoft.com/blog-post/introduction-to-angular/verify_otp/check_otp/index.html]
[www.pbssoft.com/introduction-to-angular]
[www.pbssoft.com/blog-post/Introduction_To_Angular/16.html]
[www.pbssoft.com/blog-post/Introduction_To_Angular/verify_otp/check_otp/index.html]
[www.pbssoft.com/what-is-devops-]
[www.pbssoft.com/blog-post/what-is-devops-/15.html]
[www.pbssoft.com/blog-post/what-is-devops-/verify_otp/check_otp/index.html]
[www.pbssoft.com/what-is-devops-]
[www.pbssoft.com/blog-post/What_is_DevOps/15.html]
[www.pbssoft.com/blog-post/What_is_DevOps/verify_otp/check_otp/index.html]
[www.pbssoft.com/software-testing-tutorial]
[www.pbssoft.com/blog-post/software-testing-tutorial/14.html]
[www.pbssoft.com/blog-post/software-testing-tutorial/verify_otp/check_otp/index.html]
[www.pbssoft.com/software-testing-tutorial]
[www.pbssoft.com/blog-post/Software_Testing_Tutorial/14.html]
[www.pbssoft.com/blog-post/Software_Testing_Tutorial/verify_otp/check_otp/index.html]
[www.pbssoft.com/core-java-online-training.html]
[www.pbssoft.com/blog-post/a-complete-guide-to-advanced-java/11.html]
[www.pbssoft.com/uploads/blog/146063996_1652780226.jpg]
[www.pbssoft.com/pbssoft-blog/verify_otp/check_otp/index.html]
[www.pbssoft.com/blog-post/A_Complete_Guide_To_Advanced_Java/11.html]
[www.pbssoft.com/blog-post/introduction-to-spring-boot-and-microservices/10.html]
[www.pbssoft.com/uploads/blog/1480354334_1652780135.jpg]
[www.pbssoft.com/blog-post/Introduction_to_Spring_boot_and_Microservices/10.html]
[www.pbssoft.com/pbssoft-blog/index4658.html]
[www.pbssoft.com/spring-framework-online-training.html]
[www.pbssoft.com/what-is-data-science-]
[www.pbssoft.com/blog-post/what-is-data-science-/13.html]
[www.pbssoft.com/pbssoft-blog/index.html]
[www.pbssoft.com/importance-of-python]
[www.pbssoft.com/blog-post/importance-of-python/12.html]
[www.pbssoft.com/blog/category/JAVA/8.html]
[www.pbssoft.com/blog/category/Spring_Boot/9.html]
[www.pbssoft.com/blog/category/Spring_Boot/verify_otp/check_otp/index.html]
[www.pbssoft.com/blog-post/what-is-data-science-/verify_otp/check_otp/index.html]
[www.pbssoft.com/blog/category/JAVA/verify_otp/check_otp/index.html]
[www.pbssoft.com/blog/category/Phython/11.html]
[www.pbssoft.com/blog-post/importance-of-python/verify_otp/check_otp/index.html]
[www.pbssoft.com/blog/category/Data_science/12.html]
[www.pbssoft.com/blog/category/Phython/verify_otp/check_otp/index.html]
[www.pbssoft.com/blog/category/Data_science/verify_otp/check_otp/index.html]
[www.pbssoft.com/blog/category/Software_Testing/13.html]
[www.pbssoft.com/blog/category/Software_Testing/verify_otp/check_otp/index.html]
[www.pbssoft.com/blog/category/Devops/14.html]
[www.pbssoft.com/blog/category/Angular/15.html]
[www.pbssoft.com/blog/category/Data_Structure/16.html]
[www.pbssoft.com/blog/category/Devops/verify_otp/check_otp/index.html]
[www.pbssoft.com/blog/category/Angular/verify_otp/check_otp/index.html]
[www.pbssoft.com/blog/category/Power_BI/17.html]
[www.pbssoft.com/verify_otp/check_otp/verify_otp/check_otp/index.html]
[www.pbssoft.com/assets/frontend/images/online.svg]
[www.pbssoft.com/assets/frontend/images/installment.svg]
[www.pbssoft.com/blog/category/Data_Structure/verify_otp/check_otp/index.html]
[www.pbssoft.com/blog/category/Power_BI/verify_otp/check_otp/index.html]
[www.pbssoft.com/verify_otp/check_otp/verify_otp/check_otp/verify_otp/check_otp/index.html]
[www.pbssoft.com/career_application_form/index/job/verify_otp/check_otp/index.html]
[www.pbssoft.com/career_application_form/index/verify_otp/check_otp/index.html]
[www.pbssoft.com/interview-questions/verify_otp/check_otp/index.html]
[www.pbssoft.com/blog-post/introduction-to-data-structures/verify_otp/check_otp/index.html]
[www.pbssoft.com/what-is-data-science-.1a8.delayed]
[www.pbssoft.com/blog-post/What_Is_Data_Science/13.html]
[www.pbssoft.com/career_application_form/index/job/verify_otp/check_otp/verify_otp/check_otp/index.html]
[www.pbssoft.com/career_application_form/index/verify_otp/check_otp/verify_otp/check_otp/index.html]
[www.pbssoft.com/blog-post/What_Is_Data_Science/verify_otp/check_otp/index.html]
[www.pbssoft.com/importance-of-python.1aa.delayed]
[www.pbssoft.com/blog-post/Importance_Of_Python/12.html]
[www.pbssoft.com/blog-post/Introduction_to_Data_Structures/verify_otp/check_otp/index.html]
[www.pbssoft.com/blog-post/introduction-to-angular/verify_otp/check_otp/index.html]
[www.pbssoft.com/blog-post/Introduction_To_Angular/verify_otp/check_otp/index.html]
[www.pbssoft.com/blog-post/what-is-devops-/verify_otp/check_otp/index.html]
[www.pbssoft.com/blog-post/What_is_DevOps/verify_otp/check_otp/index.html]
[www.pbssoft.com/blog-post/software-testing-tutorial/verify_otp/check_otp/index.html]
[www.pbssoft.com/blog-post/Software_Testing_Tutorial/verify_otp/check_otp/index.html]
[www.pbssoft.com/pbssoft-blog/verify_otp/check_otp/index.html]
[www.pbssoft.com/uploads/course/core-java-online-training.jpg]
[www.pbssoft.com/blog-post/Importance_Of_Python/verify_otp/check_otp/index.html]
[www.pbssoft.com/uploads/course/1500405281_1680950385.pdf]
[www.pbssoft.com/core-java-online-training.html]
[www.pbssoft.com/a-complete-guide-to-advanced-java]
[www.pbssoft.com/blog-post/a-complete-guide-to-advanced-java/11.html]
[www.pbssoft.com/blog-post/a-complete-guide-to-advanced-java/verify_otp/check_otp/index.html]
[www.pbssoft.com/a-complete-guide-to-advanced-java]
[www.pbssoft.com/blog-post/A_Complete_Guide_To_Advanced_Java/11.html]
[www.pbssoft.com/blog-post/A_Complete_Guide_To_Advanced_Java/verify_otp/check_otp/index.html]
[www.pbssoft.com/introduction-to-spring-boot-and-microservices]
[www.pbssoft.com/blog-post/introduction-to-spring-boot-and-microservices/10.html]
[www.pbssoft.com/blog-post/introduction-to-spring-boot-and-microservices/verify_otp/check_otp/index.html]
[www.pbssoft.com/introduction-to-spring-boot-and-microservices]
[www.pbssoft.com/blog-post/Introduction_to_Spring_boot_and_Microservices/10.html]
[www.pbssoft.com/uploads/course/spring-framework-online-training.jpg]
[www.pbssoft.com/uploads/course/844092399_1636301287.pdf]
[www.pbssoft.com/spring-framework-online-training.html]
[www.pbssoft.com/pbssoft-blog/index.html]
[www.pbssoft.com/blog-post/what-is-data-science-/verify_otp/check_otp/index.html]
[www.pbssoft.com/blog-post/importance-of-python/verify_otp/check_otp/index.html]
[www.pbssoft.com/blog/category/JAVA/verify_otp/check_otp/index.html]
[www.pbssoft.com/blog/category/Spring_Boot/verify_otp/check_otp/index.html]
[www.pbssoft.com/blog/category/Phython/verify_otp/check_otp/index.html]
[www.pbssoft.com/blog/category/Data_science/verify_otp/check_otp/index.html]
[www.pbssoft.com/blog/category/Software_Testing/verify_otp/check_otp/index.html]
[www.pbssoft.com/blog/category/Devops/verify_otp/check_otp/index.html]
[www.pbssoft.com/blog/category/Angular/verify_otp/check_otp/index.html]
[www.pbssoft.com/blog/category/Data_Structure/verify_otp/check_otp/index.html]
[www.pbssoft.com/blog/category/Power_BI/verify_otp/check_otp/index.html]
[www.pbssoft.com/verify_otp/check_otp/verify_otp/check_otp/verify_otp/check_otp/index.html]
[www.pbssoft.com/career_application_form/index/job/verify_otp/check_otp/verify_otp/check_otp/index.html]
[www.pbssoft.com/verify_otp/check_otp/verify_otp/check_otp/verify_otp/check_otp/verify_otp/check_otp/index.html]
[www.pbssoft.com/career_application_form/index/verify_otp/check_otp/verify_otp/check_otp/index.html]
[www.pbssoft.com/career_application_form/index/job/verify_otp/check_otp/verify_otp/check_otp/verify_otp/check_otp/index.html]
[www.pbssoft.com/blog-post/What_Is_Data_Science/verify_otp/check_otp/index.html]
[www.pbssoft.com/blog-post/Importance_Of_Python/verify_otp/check_otp/index.html]
[www.pbssoft.com/blog-post/a-complete-guide-to-advanced-java/verify_otp/check_otp/index.html]
[www.pbssoft.com/blog-post/A_Complete_Guide_To_Advanced_Java/verify_otp/check_otp/index.html]
[www.pbssoft.com/blog-post/introduction-to-spring-boot-and-microservices/verify_otp/check_otp/index.html]
[www.pbssoft.com/career_application_form/index/verify_otp/check_otp/verify_otp/check_otp/verify_otp/check_otp/index.html]
[www.pbssoft.com/blog-post/Introduction_to_Spring_boot_and_Microservices/verify_otp/check_otp/index.html]
[www.pbssoft.com/blog-post/Introduction_to_Spring_boot_and_Microservices/verify_otp/check_otp/index.html]
[www.pbssoft.com/verify_otp/check_otp/verify_otp/check_otp/verify_otp/check_otp/verify_otp/check_otp/index.html]
[www.pbssoft.com/verify_otp/check_otp/verify_otp/check_otp/verify_otp/check_otp/verify_otp/check_otp/verify_otp/check_otp/index.html]
[www.pbssoft.com/career_application_form/index/job/verify_otp/check_otp/verify_otp/check_otp/verify_otp/check_otp/index.html]
[www.pbssoft.com/career_application_form/index/verify_otp/check_otp/verify_otp/check_otp/verify_otp/check_otp/index.html]
[www.pbssoft.com/career_application_form/index/job/verify_otp/check_otp/verify_otp/check_otp/verify_otp/check_otp/verify_otp/check_otp/index.html]
[www.pbssoft.com/verify_otp/check_otp/verify_otp/check_otp/verify_otp/check_otp/verify_otp/check_otp/verify_otp/check_otp/index.html]
[www.pbssoft.com/career_application_form/index/verify_otp/check_otp/verify_otp/check_otp/verify_otp/check_otp/verify_otp/check_otp/index.html]
[www.pbssoft.com/career_application_form/index/job/verify_otp/check_otp/verify_otp/check_otp/verify_otp/check_otp/verify_otp/check_otp/index.html]
[www.pbssoft.com/career_application_form/index/verify_otp/check_otp/verify_otp/check_otp/verify_otp/check_otp/verify_otp/check_otp/index.html]
[www.pbssoft.com/verify_otp/check_otp/verify_otp/check_otp/verify_otp/check_otp/verify_otp/check_otp/verify_otp/check_otp/verify_otp/check_otp/index.html]
[www.pbssoft.com/verify_otp/check_otp/verify_otp/check_otp/verify_otp/check_otp/verify_otp/check_otp/verify_otp/check_otp/verify_otp/check_otp/index.html]
[www.pbssoft.com/career_application_form/index/job/verify_otp/check_otp/verify_otp/check_otp/verify_otp/check_otp/verify_otp/check_otp/verify_otp/check_otp/index.html]
[www.pbssoft.com/career_application_form/index/job/verify_otp/check_otp/verify_otp/check_otp/verify_otp/check_otp/verify_otp/check_otp/verify_otp/check_otp/index.html]
[www.pbssoft.com/career_application_form/index/verify_otp/check_otp/verify_otp/check_otp/verify_otp/check_otp/verify_otp/check_otp/verify_otp/check_otp/index.html]
[www.pbssoft.com/career_application_form/index/verify_otp/check_otp/verify_otp/check_otp/verify_otp/check_otp/verify_otp/check_otp/verify_otp/check_otp/index.html]
[www.pbssoft.com/verify_otp/check_otp/verify_otp/check_otp/verify_otp/check_otp/verify_otp/check_otp/verify_otp/check_otp/verify_otp/check_otp/verify_otp/check_otp/index.html]
[www.pbssoft.com/verify_otp/check_otp/verify_otp/check_otp/verify_otp/check_otp/verify_otp/check_otp/verify_otp/check_otp/verify_otp/check_otp/verify_otp/check_otp/index.html]
[www.pbssoft.com/career_application_form/index/job/verify_otp/check_otp/verify_otp/check_otp/verify_otp/check_otp/verify_otp/check_otp/verify_otp/check_otp/verify_otp/check_otp/index.html]
[www.pbssoft.com/career_application_form/index/job/verify_otp/check_otp/verify_otp/check_otp/verify_otp/check_otp/verify_otp/check_otp/verify_otp/check_otp/verify_otp/check_otp/index.html]
[www.pbssoft.com/career_application_form/index/verify_otp/check_otp/verify_otp/check_otp/verify_otp/check_otp/verify_otp/check_otp/verify_otp/check_otp/verify_otp/check_otp/index.html]
[www.pbssoft.com/career_application_form/index/verify_otp/check_otp/verify_otp/check_otp/verify_otp/check_otp/verify_otp/check_otp/verify_otp/check_otp/verify_otp/check_otp/index.html]
[www.pbssoft.com/verify_otp/check_otp/verify_otp/check_otp/verify_otp/check_otp/verify_otp/check_otp/verify_otp/check_otp/verify_otp/check_otp/verify_otp/check_otp/verify_otp/che/index.html]
[www.pbssoft.com/verify_otp/check_otp/verify_otp/check_otp/verify_otp/check_otp/verify_otp/check_otp/verify_otp/check_otp/verify_otp/check_otp/verify_otp/check_otp/verify_otp/che/index.html]
[www.pbssoft.com/career_application_form/index/job/verify_otp/check_otp/verify_otp/check_otp/verify_otp/check_otp/verify_otp/check_otp/verify_otp/check_otp/verify_otp/check_otp/v/index.html]
[www.pbssoft.com/career_application_form/index/job/verify_otp/check_otp/verify_otp/check_otp/verify_otp/check_otp/verify_otp/check_otp/verify_otp/check_otp/verify_otp/check_otp/v/index.html]
[www.pbssoft.com/career_application_form/index/verify_otp/check_otp/verify_otp/check_otp/verify_otp/check_otp/verify_otp/check_otp/verify_otp/check_otp/verify_otp/check_otp/verif/index.html]
[www.pbssoft.com/career_application_form/index/verify_otp/check_otp/verify_otp/check_otp/verify_otp/check_otp/verify_otp/check_otp/verify_otp/check_otp/verify_otp/check_otp/verif/index.html]
[www.pbssoft.com/verify_otp/check_otp/verify_otp/check_otp/verify_otp/check_otp/verify_otp/check_otp/verify_otp/check_otp/verify_otp/check_otp/verify_otp/check_otp/verify_otp/che/index-2.html]
[www.pbssoft.com/verify_otp/check_otp/verify_otp/check_otp/verify_otp/check_otp/verify_otp/check_otp/verify_otp/check_otp/verify_otp/check_otp/verify_otp/check_otp/verify_otp/che/index-2.html]
[www.pbssoft.com/career_application_form/index/job/verify_otp/check_otp/verify_otp/check_otp/verify_otp/check_otp/verify_otp/check_otp/verify_otp/check_otp/verify_otp/check_otp/v/index-2.html]
[www.pbssoft.com/career_application_form/index/job/verify_otp/check_otp/verify_otp/check_otp/verify_otp/check_otp/verify_otp/check_otp/verify_otp/check_otp/verify_otp/check_otp/v/index-2.html]
[www.pbssoft.com/career_application_form/index/verify_otp/check_otp/verify_otp/check_otp/verify_otp/check_otp/verify_otp/check_otp/verify_otp/check_otp/verify_otp/check_otp/verif/index-2.html]
[www.pbssoft.com/career_application_form/index/verify_otp/check_otp/verify_otp/check_otp/verify_otp/check_otp/verify_otp/check_otp/verify_otp/check_otp/verify_otp/check_otp/verif/index-2.html]
[www.pbssoft.com/verify_otp/check_otp/verify_otp/check_otp/verify_otp/check_otp/verify_otp/check_otp/verify_otp/check_otp/verify_otp/check_otp/verify_otp/check_otp/verify_otp/che/index-3.html]
[www.pbssoft.com/verify_otp/check_otp/verify_otp/check_otp/verify_otp/check_otp/verify_otp/check_otp/verify_otp/check_otp/verify_otp/check_otp/verify_otp/check_otp/verify_otp/che/index-3.html]
[www.pbssoft.com/career_application_form/index/job/verify_otp/check_otp/verify_otp/check_otp/verify_otp/check_otp/verify_otp/check_otp/verify_otp/check_otp/verify_otp/check_otp/v/index-3.html]
[www.pbssoft.com/career_application_form/index/job/verify_otp/check_otp/verify_otp/check_otp/verify_otp/check_otp/verify_otp/check_otp/verify_otp/check_otp/verify_otp/check_otp/v/index-3.html]
[www.pbssoft.com/career_application_form/index/verify_otp/check_otp/verify_otp/check_otp/verify_otp/check_otp/verify_otp/check_otp/verify_otp/check_otp/verify_otp/check_otp/verif/index-3.html]
[www.pbssoft.com/career_application_form/index/verify_otp/check_otp/verify_otp/check_otp/verify_otp/check_otp/verify_otp/check_otp/verify_otp/check_otp/verify_otp/check_otp/verif/index-3.html]
[www.pbssoft.com/verify_otp/check_otp/verify_otp/check_otp/verify_otp/check_otp/verify_otp/check_otp/verify_otp/check_otp/verify_otp/check_otp/verify_otp/check_otp/verify_otp/che/index-4.html]
[www.pbssoft.com/verify_otp/check_otp/verify_otp/check_otp/verify_otp/check_otp/verify_otp/check_otp/verify_otp/check_otp/verify_otp/check_otp/verify_otp/check_otp/verify_otp/che/index-4.html]
[www.pbssoft.com/career_application_form/index/job/verify_otp/check_otp/verify_otp/check_otp/verify_otp/check_otp/verify_otp/check_otp/verify_otp/check_otp/verify_otp/check_otp/v/index-4.html]
[www.pbssoft.com/career_application_form/index/job/verify_otp/check_otp/verify_otp/check_otp/verify_otp/check_otp/verify_otp/check_otp/verify_otp/check_otp/verify_otp/check_otp/v/index-4.html]
[www.pbssoft.com/career_application_form/index/verify_otp/check_otp/verify_otp/check_otp/verify_otp/check_otp/verify_otp/check_otp/verify_otp/check_otp/verify_otp/check_otp/verif/index-4.html]
[www.pbssoft.com/career_application_form/index/verify_otp/check_otp/verify_otp/check_otp/verify_otp/check_otp/verify_otp/check_otp/verify_otp/check_otp/verify_otp/check_otp/verif/index-4.html]
[www.pbssoft.com/verify_otp/check_otp/verify_otp/check_otp/verify_otp/check_otp/verify_otp/check_otp/verify_otp/check_otp/verify_otp/check_otp/verify_otp/check_otp/verify_otp/che/index-5.html]
[www.pbssoft.com/verify_otp/check_otp/verify_otp/check_otp/verify_otp/check_otp/verify_otp/check_otp/verify_otp/check_otp/verify_otp/check_otp/verify_otp/check_otp/verify_otp/che/index-5.html]
[www.pbssoft.com/career_application_form/index/job/verify_otp/check_otp/verify_otp/check_otp/verify_otp/check_otp/verify_otp/check_otp/verify_otp/check_otp/verify_otp/check_otp/v/index-5.html]
[www.pbssoft.com/career_application_form/index/job/verify_otp/check_otp/verify_otp/check_otp/verify_otp/check_otp/verify_otp/check_otp/verify_otp/check_otp/verify_otp/check_otp/v/index-5.html]
[www.pbssoft.com/career_application_form/index/verify_otp/check_otp/verify_otp/check_otp/verify_otp/check_otp/verify_otp/check_otp/verify_otp/check_otp/verify_otp/check_otp/verif/index-5.html]
[www.pbssoft.com/career_application_form/index/verify_otp/check_otp/verify_otp/check_otp/verify_otp/check_otp/verify_otp/check_otp/verify_otp/check_otp/verify_otp/check_otp/verif/index-5.html]
[www.pbssoft.com/verify_otp/check_otp/verify_otp/check_otp/verify_otp/check_otp/verify_otp/check_otp/verify_otp/check_otp/verify_otp/check_otp/verify_otp/check_otp/verify_otp/che/index-6.html]
[www.pbssoft.com/verify_otp/check_otp/verify_otp/check_otp/verify_otp/check_otp/verify_otp/check_otp/verify_otp/check_otp/verify_otp/check_otp/verify_otp/check_otp/verify_otp/che/index-6.html]
[www.pbssoft.com/career_application_form/index/job/verify_otp/check_otp/verify_otp/check_otp/verify_otp/check_otp/verify_otp/check_otp/verify_otp/check_otp/verify_otp/check_otp/v/index-6.html]
[www.pbssoft.com/career_application_form/index/job/verify_otp/check_otp/verify_otp/check_otp/verify_otp/check_otp/verify_otp/check_otp/verify_otp/check_otp/verify_otp/check_otp/v/index-6.html]
[www.pbssoft.com/career_application_form/index/verify_otp/check_otp/verify_otp/check_otp/verify_otp/check_otp/verify_otp/check_otp/verify_otp/check_otp/verify_otp/check_otp/verif/index-6.html]
[www.pbssoft.com/career_application_form/index/verify_otp/check_otp/verify_otp/check_otp/verify_otp/check_otp/verify_otp/check_otp/verify_otp/check_otp/verify_otp/check_otp/verif/index-6.html]
[www.pbssoft.com/verify_otp/check_otp/verify_otp/check_otp/verify_otp/check_otp/verify_otp/check_otp/verify_otp/check_otp/verify_otp/check_otp/verify_otp/check_otp/verify_otp/che/index-7.html]
[www.pbssoft.com/verify_otp/check_otp/verify_otp/check_otp/verify_otp/check_otp/verify_otp/check_otp/verify_otp/check_otp/verify_otp/check_otp/verify_otp/check_otp/verify_otp/che/index-7.html]
[www.pbssoft.com/career_application_form/index/job/verify_otp/check_otp/verify_otp/check_otp/verify_otp/check_otp/verify_otp/check_otp/verify_otp/check_otp/verify_otp/check_otp/v/index-7.html]
[www.pbssoft.com/career_application_form/index/job/verify_otp/check_otp/verify_otp/check_otp/verify_otp/check_otp/verify_otp/check_otp/verify_otp/check_otp/verify_otp/check_otp/v/index-7.html]
[www.pbssoft.com/career_application_form/index/verify_otp/check_otp/verify_otp/check_otp/verify_otp/check_otp/verify_otp/check_otp/verify_otp/check_otp/verify_otp/check_otp/verif/index-7.html]
[www.pbssoft.com/career_application_form/index/verify_otp/check_otp/verify_otp/check_otp/verify_otp/check_otp/verify_otp/check_otp/verify_otp/check_otp/verify_otp/check_otp/verif/index-7.html]
[www.pbssoft.com/verify_otp/check_otp/verify_otp/check_otp/verify_otp/check_otp/verify_otp/check_otp/verify_otp/check_otp/verify_otp/check_otp/verify_otp/check_otp/verify_otp/che/index-8.html]
[www.pbssoft.com/verify_otp/check_otp/verify_otp/check_otp/verify_otp/check_otp/verify_otp/check_otp/verify_otp/check_otp/verify_otp/check_otp/verify_otp/check_otp/verify_otp/che/index-8.html]
[www.pbssoft.com/career_application_form/index/job/verify_otp/check_otp/verify_otp/check_otp/verify_otp/check_otp/verify_otp/check_otp/verify_otp/check_otp/verify_otp/check_otp/v/index-8.html]
[www.pbssoft.com/career_application_form/index/job/verify_otp/check_otp/verify_otp/check_otp/verify_otp/check_otp/verify_otp/check_otp/verify_otp/check_otp/verify_otp/check_otp/v/index-8.html]
[www.pbssoft.com/career_application_form/index/verify_otp/check_otp/verify_otp/check_otp/verify_otp/check_otp/verify_otp/check_otp/verify_otp/check_otp/verify_otp/check_otp/verif/index-8.html]
[www.pbssoft.com/career_application_form/index/verify_otp/check_otp/verify_otp/check_otp/verify_otp/check_otp/verify_otp/check_otp/verify_otp/check_otp/verify_otp/check_otp/verif/index-8.html]
[www.pbssoft.com/verify_otp/check_otp/verify_otp/check_otp/verify_otp/check_otp/verify_otp/check_otp/verify_otp/check_otp/verify_otp/check_otp/verify_otp/check_otp/verify_otp/che/index-9.html]
[www.pbssoft.com/verify_otp/check_otp/verify_otp/check_otp/verify_otp/check_otp/verify_otp/check_otp/verify_otp/check_otp/verify_otp/check_otp/verify_otp/check_otp/verify_otp/che/index-9.html]
[www.pbssoft.com/career_application_form/index/job/verify_otp/check_otp/verify_otp/check_otp/verify_otp/check_otp/verify_otp/check_otp/verify_otp/check_otp/verify_otp/check_otp/v/index-9.html]
[www.pbssoft.com/career_application_form/index/job/verify_otp/check_otp/verify_otp/check_otp/verify_otp/check_otp/verify_otp/check_otp/verify_otp/check_otp/verify_otp/check_otp/v/index-9.html]
[www.pbssoft.com/career_application_form/index/verify_otp/check_otp/verify_otp/check_otp/verify_otp/check_otp/verify_otp/check_otp/verify_otp/check_otp/verify_otp/check_otp/verif/index-9.html]
[www.pbssoft.com/career_application_form/index/verify_otp/check_otp/verify_otp/check_otp/verify_otp/check_otp/verify_otp/check_otp/verify_otp/check_otp/verify_otp/check_otp/verif/index-9.html]
[www.pbssoft.com/verify_otp/check_otp/verify_otp/check_otp/verify_otp/check_otp/verify_otp/check_otp/verify_otp/check_otp/verify_otp/check_otp/verify_otp/check_otp/verify_otp/che/index-10.html]
[www.pbssoft.com/verify_otp/check_otp/verify_otp/check_otp/verify_otp/check_otp/verify_otp/check_otp/verify_otp/check_otp/verify_otp/check_otp/verify_otp/check_otp/verify_otp/che/index-10.html]
[www.pbssoft.com/career_application_form/index/job/verify_otp/check_otp/verify_otp/check_otp/verify_otp/check_otp/verify_otp/check_otp/verify_otp/check_otp/verify_otp/check_otp/v/index-10.html]
[www.pbssoft.com/career_application_form/index/job/verify_otp/check_otp/verify_otp/check_otp/verify_otp/check_otp/verify_otp/check_otp/verify_otp/check_otp/verify_otp/check_otp/v/index-10.html]
[www.pbssoft.com/career_application_form/index/verify_otp/check_otp/verify_otp/check_otp/verify_otp/check_otp/verify_otp/check_otp/verify_otp/check_otp/verify_otp/check_otp/verif/index-10.html]
[www.pbssoft.com/career_application_form/index/verify_otp/check_otp/verify_otp/check_otp/verify_otp/check_otp/verify_otp/check_otp/verify_otp/check_otp/verify_otp/check_otp/verif/index-10.html]
[www.pbssoft.com/verify_otp/check_otp/verify_otp/check_otp/verify_otp/check_otp/verify_otp/check_otp/verify_otp/check_otp/verify_otp/check_otp/verify_otp/check_otp/verify_otp/che/index-11.html]
[www.pbssoft.com/verify_otp/check_otp/verify_otp/check_otp/verify_otp/check_otp/verify_otp/check_otp/verify_otp/check_otp/verify_otp/check_otp/verify_otp/check_otp/verify_otp/che/index-11.html]
[www.pbssoft.com/career_application_form/index/job/verify_otp/check_otp/verify_otp/check_otp/verify_otp/check_otp/verify_otp/check_otp/verify_otp/check_otp/verify_otp/check_otp/v/index-11.html]
[www.pbssoft.com/career_application_form/index/job/verify_otp/check_otp/verify_otp/check_otp/verify_otp/check_otp/verify_otp/check_otp/verify_otp/check_otp/verify_otp/check_otp/v/index-11.html]
[www.pbssoft.com/career_application_form/index/verify_otp/check_otp/verify_otp/check_otp/verify_otp/check_otp/verify_otp/check_otp/verify_otp/check_otp/verify_otp/check_otp/verif/index-11.html]
[www.pbssoft.com/career_application_form/index/verify_otp/check_otp/verify_otp/check_otp/verify_otp/check_otp/verify_otp/check_otp/verify_otp/check_otp/verify_otp/check_otp/verif/index-11.html]
[www.pbssoft.com/verify_otp/check_otp/verify_otp/check_otp/verify_otp/check_otp/verify_otp/check_otp/verify_otp/check_otp/verify_otp/check_otp/verify_otp/check_otp/verify_otp/che/index-12.html]
[www.pbssoft.com/verify_otp/check_otp/verify_otp/check_otp/verify_otp/check_otp/verify_otp/check_otp/verify_otp/check_otp/verify_otp/check_otp/verify_otp/check_otp/verify_otp/che/index-12.html]
[www.pbssoft.com/career_application_form/index/job/verify_otp/check_otp/verify_otp/check_otp/verify_otp/check_otp/verify_otp/check_otp/verify_otp/check_otp/verify_otp/check_otp/v/index-12.html]
[www.pbssoft.com/career_application_form/index/job/verify_otp/check_otp/verify_otp/check_otp/verify_otp/check_otp/verify_otp/check_otp/verify_otp/check_otp/verify_otp/check_otp/v/index-12.html]
[www.pbssoft.com/career_application_form/index/verify_otp/check_otp/verify_otp/check_otp/verify_otp/check_otp/verify_otp/check_otp/verify_otp/check_otp/verify_otp/check_otp/verif/index-12.html]
[www.pbssoft.com/career_application_form/index/verify_otp/check_otp/verify_otp/check_otp/verify_otp/check_otp/verify_otp/check_otp/verify_otp/check_otp/verify_otp/check_otp/verif/index-12.html]
[www.pbssoft.com/verify_otp/check_otp/verify_otp/check_otp/verify_otp/check_otp/verify_otp/check_otp/verify_otp/check_otp/verify_otp/check_otp/verify_otp/check_otp/verify_otp/che/index-13.html]
[www.pbssoft.com/verify_otp/check_otp/verify_otp/check_otp/verify_otp/check_otp/verify_otp/check_otp/verify_otp/check_otp/verify_otp/check_otp/verify_otp/check_otp/verify_otp/che/index-13.html]
[www.pbssoft.com/career_application_form/index/job/verify_otp/check_otp/verify_otp/check_otp/verify_otp/check_otp/verify_otp/check_otp/verify_otp/check_otp/verify_otp/check_otp/v/index-13.html]
[www.pbssoft.com/career_application_form/index/job/verify_otp/check_otp/verify_otp/check_otp/verify_otp/check_otp/verify_otp/check_otp/verify_otp/check_otp/verify_otp/check_otp/v/index-13.html]
[www.pbssoft.com/career_application_form/index/verify_otp/check_otp/verify_otp/check_otp/verify_otp/check_otp/verify_otp/check_otp/verify_otp/check_otp/verify_otp/check_otp/verif/index-13.html]
[www.pbssoft.com/career_application_form/index/verify_otp/check_otp/verify_otp/check_otp/verify_otp/check_otp/verify_otp/check_otp/verify_otp/check_otp/verify_otp/check_otp/verif/index-13.html]
[www.pbssoft.com/verify_otp/check_otp/verify_otp/check_otp/verify_otp/check_otp/verify_otp/check_otp/verify_otp/check_otp/verify_otp/check_otp/verify_otp/check_otp/verify_otp/che/index-14.html]
[www.pbssoft.com/verify_otp/check_otp/verify_otp/check_otp/verify_otp/check_otp/verify_otp/check_otp/verify_otp/check_otp/verify_otp/check_otp/verify_otp/check_otp/verify_otp/che/index-14.html]
[www.pbssoft.com/career_application_form/index/job/verify_otp/check_otp/verify_otp/check_otp/verify_otp/check_otp/verify_otp/check_otp/verify_otp/check_otp/verify_otp/check_otp/v/index-14.html]
[www.pbssoft.com/career_application_form/index/job/verify_otp/check_otp/verify_otp/check_otp/verify_otp/check_otp/verify_otp/check_otp/verify_otp/check_otp/verify_otp/check_otp/v/index-14.html]
[www.pbssoft.com/career_application_form/index/verify_otp/check_otp/verify_otp/check_otp/verify_otp/check_otp/verify_otp/check_otp/verify_otp/check_otp/verify_otp/check_otp/verif/index-14.html]
[www.pbssoft.com/career_application_form/index/verify_otp/check_otp/verify_otp/check_otp/verify_otp/check_otp/verify_otp/check_otp/verify_otp/check_otp/verify_otp/check_otp/verif/index-14.html]
[www.pbssoft.com/verify_otp/check_otp/verify_otp/check_otp/verify_otp/check_otp/verify_otp/check_otp/verify_otp/check_otp/verify_otp/check_otp/verify_otp/check_otp/verify_otp/che/index-15.html]
[www.pbssoft.com/verify_otp/check_otp/verify_otp/check_otp/verify_otp/check_otp/verify_otp/check_otp/verify_otp/check_otp/verify_otp/check_otp/verify_otp/check_otp/verify_otp/che/index-15.html]
[www.pbssoft.com/career_application_form/index/job/verify_otp/check_otp/verify_otp/check_otp/verify_otp/check_otp/verify_otp/check_otp/verify_otp/check_otp/verify_otp/check_otp/v/index-15.html]
[www.pbssoft.com/career_application_form/index/job/verify_otp/check_otp/verify_otp/check_otp/verify_otp/check_otp/verify_otp/check_otp/verify_otp/check_otp/verify_otp/check_otp/v/index-15.html]
[www.pbssoft.com/career_application_form/index/verify_otp/check_otp/verify_otp/check_otp/verify_otp/check_otp/verify_otp/check_otp/verify_otp/check_otp/verify_otp/check_otp/verif/index-15.html]
[www.pbssoft.com/career_application_form/index/verify_otp/check_otp/verify_otp/check_otp/verify_otp/check_otp/verify_otp/check_otp/verify_otp/check_otp/verify_otp/check_otp/verif/index-15.html]
[www.pbssoft.com/verify_otp/check_otp/verify_otp/check_otp/verify_otp/check_otp/verify_otp/check_otp/verify_otp/check_otp/verify_otp/check_otp/verify_otp/check_otp/verify_otp/che/index-16.html]
[www.pbssoft.com/verify_otp/check_otp/verify_otp/check_otp/verify_otp/check_otp/verify_otp/check_otp/verify_otp/check_otp/verify_otp/check_otp/verify_otp/check_otp/verify_otp/che/index-16.html]
[www.pbssoft.com/career_application_form/index/job/verify_otp/check_otp/verify_otp/check_otp/verify_otp/check_otp/verify_otp/check_otp/verify_otp/check_otp/verify_otp/check_otp/v/index-16.html]
[www.pbssoft.com/career_application_form/index/job/verify_otp/check_otp/verify_otp/check_otp/verify_otp/check_otp/verify_otp/check_otp/verify_otp/check_otp/verify_otp/check_otp/v/index-16.html]
[www.pbssoft.com/career_application_form/index/verify_otp/check_otp/verify_otp/check_otp/verify_otp/check_otp/verify_otp/check_otp/verify_otp/check_otp/verify_otp/check_otp/verif/index-16.html]
[www.pbssoft.com/career_application_form/index/verify_otp/check_otp/verify_otp/check_otp/verify_otp/check_otp/verify_otp/check_otp/verify_otp/check_otp/verify_otp/check_otp/verif/index-16.html]
[www.pbssoft.com/verify_otp/check_otp/verify_otp/check_otp/verify_otp/check_otp/verify_otp/check_otp/verify_otp/check_otp/verify_otp/check_otp/verify_otp/check_otp/verify_otp/che/index-17.html]
[www.pbssoft.com/verify_otp/check_otp/verify_otp/check_otp/verify_otp/check_otp/verify_otp/check_otp/verify_otp/check_otp/verify_otp/check_otp/verify_otp/check_otp/verify_otp/che/index-17.html]
[www.pbssoft.com/career_application_form/index/job/verify_otp/check_otp/verify_otp/check_otp/verify_otp/check_otp/verify_otp/check_otp/verify_otp/check_otp/verify_otp/check_otp/v/index-17.html]
[www.pbssoft.com/career_application_form/index/job/verify_otp/check_otp/verify_otp/check_otp/verify_otp/check_otp/verify_otp/check_otp/verify_otp/check_otp/verify_otp/check_otp/v/index-17.html]
[www.pbssoft.com/career_application_form/index/verify_otp/check_otp/verify_otp/check_otp/verify_otp/check_otp/verify_otp/check_otp/verify_otp/check_otp/verify_otp/check_otp/verif/index-17.html]
[www.pbssoft.com/career_application_form/index/verify_otp/check_otp/verify_otp/check_otp/verify_otp/check_otp/verify_otp/check_otp/verify_otp/check_otp/verify_otp/check_otp/verif/index-17.html]
[www.pbssoft.com/verify_otp/check_otp/verify_otp/check_otp/verify_otp/check_otp/verify_otp/check_otp/verify_otp/check_otp/verify_otp/check_otp/verify_otp/check_otp/verify_otp/che/index-18.html]
[www.pbssoft.com/verify_otp/check_otp/verify_otp/check_otp/verify_otp/check_otp/verify_otp/check_otp/verify_otp/check_otp/verify_otp/check_otp/verify_otp/check_otp/verify_otp/che/index-18.html]
[www.pbssoft.com/career_application_form/index/job/verify_otp/check_otp/verify_otp/check_otp/verify_otp/check_otp/verify_otp/check_otp/verify_otp/check_otp/verify_otp/check_otp/v/index-18.html]
[www.pbssoft.com/career_application_form/index/job/verify_otp/check_otp/verify_otp/check_otp/verify_otp/check_otp/verify_otp/check_otp/verify_otp/check_otp/verify_otp/check_otp/v/index-18.html]
[www.pbssoft.com/career_application_form/index/verify_otp/check_otp/verify_otp/check_otp/verify_otp/check_otp/verify_otp/check_otp/verify_otp/check_otp/verify_otp/check_otp/verif/index-18.html]
[www.pbssoft.com/career_application_form/index/verify_otp/check_otp/verify_otp/check_otp/verify_otp/check_otp/verify_otp/check_otp/verify_otp/check_otp/verify_otp/check_otp/verif/index-18.html]
[www.pbssoft.com/verify_otp/check_otp/verify_otp/check_otp/verify_otp/check_otp/verify_otp/check_otp/verify_otp/check_otp/verify_otp/check_otp/verify_otp/check_otp/verify_otp/che/index-19.html]
[www.pbssoft.com/verify_otp/check_otp/verify_otp/check_otp/verify_otp/check_otp/verify_otp/check_otp/verify_otp/check_otp/verify_otp/check_otp/verify_otp/check_otp/verify_otp/che/index-19.html]
[www.pbssoft.com/career_application_form/index/job/verify_otp/check_otp/verify_otp/check_otp/verify_otp/check_otp/verify_otp/check_otp/verify_otp/check_otp/verify_otp/check_otp/v/index-19.html]
[www.pbssoft.com/career_application_form/index/job/verify_otp/check_otp/verify_otp/check_otp/verify_otp/check_otp/verify_otp/check_otp/verify_otp/check_otp/verify_otp/check_otp/v/index-19.html]
[www.pbssoft.com/career_application_form/index/verify_otp/check_otp/verify_otp/check_otp/verify_otp/check_otp/verify_otp/check_otp/verify_otp/check_otp/verify_otp/check_otp/verif/index-19.html]
[www.pbssoft.com/career_application_form/index/verify_otp/check_otp/verify_otp/check_otp/verify_otp/check_otp/verify_otp/check_otp/verify_otp/check_otp/verify_otp/check_otp/verif/index-19.html]
[www.pbssoft.com/verify_otp/check_otp/verify_otp/check_otp/verify_otp/check_otp/verify_otp/check_otp/verify_otp/check_otp/verify_otp/check_otp/verify_otp/check_otp/verify_otp/che/index-20.html]
[www.pbssoft.com/verify_otp/check_otp/verify_otp/check_otp/verify_otp/check_otp/verify_otp/check_otp/verify_otp/check_otp/verify_otp/check_otp/verify_otp/check_otp/verify_otp/che/index-20.html]
[www.pbssoft.com/career_application_form/index/job/verify_otp/check_otp/verify_otp/check_otp/verify_otp/check_otp/verify_otp/check_otp/verify_otp/check_otp/verify_otp/check_otp/v/index-20.html]
[www.pbssoft.com/career_application_form/index/job/verify_otp/check_otp/verify_otp/check_otp/verify_otp/check_otp/verify_otp/check_otp/verify_otp/check_otp/verify_otp/check_otp/v/index-20.html]
[www.pbssoft.com/career_application_form/index/verify_otp/check_otp/verify_otp/check_otp/verify_otp/check_otp/verify_otp/check_otp/verify_otp/check_otp/verify_otp/check_otp/verif/index-20.html]
[www.pbssoft.com/career_application_form/index/verify_otp/check_otp/verify_otp/check_otp/verify_otp/check_otp/verify_otp/check_otp/verify_otp/check_otp/verify_otp/check_otp/verif/index-20.html]
[www.pbssoft.com/verify_otp/check_otp/verify_otp/check_otp/verify_otp/check_otp/verify_otp/check_otp/verify_otp/check_otp/verify_otp/check_otp/verify_otp/check_otp/verify_otp/che/index-21.html]
[www.pbssoft.com/verify_otp/check_otp/verify_otp/check_otp/verify_otp/check_otp/verify_otp/check_otp/verify_otp/check_otp/verify_otp/check_otp/verify_otp/check_otp/verify_otp/che/index-21.html]
[www.pbssoft.com/career_application_form/index/job/verify_otp/check_otp/verify_otp/check_otp/verify_otp/check_otp/verify_otp/check_otp/verify_otp/check_otp/verify_otp/check_otp/v/index-21.html]
[www.pbssoft.com/career_application_form/index/job/verify_otp/check_otp/verify_otp/check_otp/verify_otp/check_otp/verify_otp/check_otp/verify_otp/check_otp/verify_otp/check_otp/v/index-21.html]
[www.pbssoft.com/career_application_form/index/verify_otp/check_otp/verify_otp/check_otp/verify_otp/check_otp/verify_otp/check_otp/verify_otp/check_otp/verify_otp/check_otp/verif/index-21.html]
[www.pbssoft.com/career_application_form/index/verify_otp/check_otp/verify_otp/check_otp/verify_otp/check_otp/verify_otp/check_otp/verify_otp/check_otp/verify_otp/check_otp/verif/index-21.html]
[www.pbssoft.com/verify_otp/check_otp/verify_otp/check_otp/verify_otp/check_otp/verify_otp/check_otp/verify_otp/check_otp/verify_otp/check_otp/verify_otp/check_otp/verify_otp/che/index-22.html]
[www.pbssoft.com/verify_otp/check_otp/verify_otp/check_otp/verify_otp/check_otp/verify_otp/check_otp/verify_otp/check_otp/verify_otp/check_otp/verify_otp/check_otp/verify_otp/che/index-22.html]
[www.pbssoft.com/career_application_form/index/job/verify_otp/check_otp/verify_otp/check_otp/verify_otp/check_otp/verify_otp/check_otp/verify_otp/check_otp/verify_otp/check_otp/v/index-22.html]
[www.pbssoft.com/career_application_form/index/job/verify_otp/check_otp/verify_otp/check_otp/verify_otp/check_otp/verify_otp/check_otp/verify_otp/check_otp/verify_otp/check_otp/v/index-22.html]
[www.pbssoft.com/career_application_form/index/verify_otp/check_otp/verify_otp/check_otp/verify_otp/check_otp/verify_otp/check_otp/verify_otp/check_otp/verify_otp/check_otp/verif/index-22.html]
[www.pbssoft.com/career_application_form/index/verify_otp/check_otp/verify_otp/check_otp/verify_otp/check_otp/verify_otp/check_otp/verify_otp/check_otp/verify_otp/check_otp/verif/index-22.html]
[www.pbssoft.com/verify_otp/check_otp/verify_otp/check_otp/verify_otp/check_otp/verify_otp/check_otp/verify_otp/check_otp/verify_otp/check_otp/verify_otp/check_otp/verify_otp/che/index-23.html]
[www.pbssoft.com/verify_otp/check_otp/verify_otp/check_otp/verify_otp/check_otp/verify_otp/check_otp/verify_otp/check_otp/verify_otp/check_otp/verify_otp/check_otp/verify_otp/che/index-23.html]
[www.pbssoft.com/career_application_form/index/job/verify_otp/check_otp/verify_otp/check_otp/verify_otp/check_otp/verify_otp/check_otp/verify_otp/check_otp/verify_otp/check_otp/v/index-23.html]
[www.pbssoft.com/career_application_form/index/job/verify_otp/check_otp/verify_otp/check_otp/verify_otp/check_otp/verify_otp/check_otp/verify_otp/check_otp/verify_otp/check_otp/v/index-23.html]
[www.pbssoft.com/career_application_form/index/verify_otp/check_otp/verify_otp/check_otp/verify_otp/check_otp/verify_otp/check_otp/verify_otp/check_otp/verify_otp/check_otp/verif/index-23.html]
[www.pbssoft.com/career_application_form/index/verify_otp/check_otp/verify_otp/check_otp/verify_otp/check_otp/verify_otp/check_otp/verify_otp/check_otp/verify_otp/check_otp/verif/index-23.html]
[www.pbssoft.com/verify_otp/check_otp/verify_otp/check_otp/verify_otp/check_otp/verify_otp/check_otp/verify_otp/check_otp/verify_otp/check_otp/verify_otp/check_otp/verify_otp/che/index-24.html]
[www.pbssoft.com/verify_otp/check_otp/verify_otp/check_otp/verify_otp/check_otp/verify_otp/check_otp/verify_otp/check_otp/verify_otp/check_otp/verify_otp/check_otp/verify_otp/che/index-24.html]
[www.pbssoft.com/career_application_form/index/job/verify_otp/check_otp/verify_otp/check_otp/verify_otp/check_otp/verify_otp/check_otp/verify_otp/check_otp/verify_otp/check_otp/v/index-24.html]
[www.pbssoft.com/career_application_form/index/job/verify_otp/check_otp/verify_otp/check_otp/verify_otp/check_otp/verify_otp/check_otp/verify_otp/check_otp/verify_otp/check_otp/v/index-24.html]
[www.pbssoft.com/career_application_form/index/verify_otp/check_otp/verify_otp/check_otp/verify_otp/check_otp/verify_otp/check_otp/verify_otp/check_otp/verify_otp/check_otp/verif/index-24.html]
[www.pbssoft.com/career_application_form/index/verify_otp/check_otp/verify_otp/check_otp/verify_otp/check_otp/verify_otp/check_otp/verify_otp/check_otp/verify_otp/check_otp/verif/index-24.html]
[www.pbssoft.com/verify_otp/check_otp/verify_otp/check_otp/verify_otp/check_otp/verify_otp/check_otp/verify_otp/check_otp/verify_otp/check_otp/verify_otp/check_otp/verify_otp/che/index-25.html]
[www.pbssoft.com/verify_otp/check_otp/verify_otp/check_otp/verify_otp/check_otp/verify_otp/check_otp/verify_otp/check_otp/verify_otp/check_otp/verify_otp/check_otp/verify_otp/che/index-25.html]
[www.pbssoft.com/career_application_form/index/job/verify_otp/check_otp/verify_otp/check_otp/verify_otp/check_otp/verify_otp/check_otp/verify_otp/check_otp/verify_otp/check_otp/v/index-25.html]
[www.pbssoft.com/career_application_form/index/job/verify_otp/check_otp/verify_otp/check_otp/verify_otp/check_otp/verify_otp/check_otp/verify_otp/check_otp/verify_otp/check_otp/v/index-25.html]
[www.pbssoft.com/career_application_form/index/verify_otp/check_otp/verify_otp/check_otp/verify_otp/check_otp/verify_otp/check_otp/verify_otp/check_otp/verify_otp/check_otp/verif/index-25.html]
[www.pbssoft.com/career_application_form/index/verify_otp/check_otp/verify_otp/check_otp/verify_otp/check_otp/verify_otp/check_otp/verify_otp/check_otp/verify_otp/check_otp/verif/index-25.html]
[www.pbssoft.com/verify_otp/check_otp/verify_otp/check_otp/verify_otp/check_otp/verify_otp/check_otp/verify_otp/check_otp/verify_otp/check_otp/verify_otp/check_otp/verify_otp/che/index-26.html]
[www.pbssoft.com/verify_otp/check_otp/verify_otp/check_otp/verify_otp/check_otp/verify_otp/check_otp/verify_otp/check_otp/verify_otp/check_otp/verify_otp/check_otp/verify_otp/che/index-26.html]
[www.pbssoft.com/career_application_form/index/job/verify_otp/check_otp/verify_otp/check_otp/verify_otp/check_otp/verify_otp/check_otp/verify_otp/check_otp/verify_otp/check_otp/v/index-26.html]
[www.pbssoft.com/career_application_form/index/job/verify_otp/check_otp/verify_otp/check_otp/verify_otp/check_otp/verify_otp/check_otp/verify_otp/check_otp/verify_otp/check_otp/v/index-26.html]
[www.pbssoft.com/career_application_form/index/verify_otp/check_otp/verify_otp/check_otp/verify_otp/check_otp/verify_otp/check_otp/verify_otp/check_otp/verify_otp/check_otp/verif/index-26.html]
[www.pbssoft.com/career_application_form/index/verify_otp/check_otp/verify_otp/check_otp/verify_otp/check_otp/verify_otp/check_otp/verify_otp/check_otp/verify_otp/check_otp/verif/index-26.html]
[www.pbssoft.com/verify_otp/check_otp/verify_otp/check_otp/verify_otp/check_otp/verify_otp/check_otp/verify_otp/check_otp/verify_otp/check_otp/verify_otp/check_otp/verify_otp/che/index-27.html]
[www.pbssoft.com/verify_otp/check_otp/verify_otp/check_otp/verify_otp/check_otp/verify_otp/check_otp/verify_otp/check_otp/verify_otp/check_otp/verify_otp/check_otp/verify_otp/che/index-27.html]
[www.pbssoft.com/career_application_form/index/job/verify_otp/check_otp/verify_otp/check_otp/verify_otp/check_otp/verify_otp/check_otp/verify_otp/check_otp/verify_otp/check_otp/v/index-27.html]
[www.pbssoft.com/career_application_form/index/job/verify_otp/check_otp/verify_otp/check_otp/verify_otp/check_otp/verify_otp/check_otp/verify_otp/check_otp/verify_otp/check_otp/v/index-27.html]
[www.pbssoft.com/career_application_form/index/verify_otp/check_otp/verify_otp/check_otp/verify_otp/check_otp/verify_otp/check_otp/verify_otp/check_otp/verify_otp/check_otp/verif/index-27.html]
[www.pbssoft.com/career_application_form/index/verify_otp/check_otp/verify_otp/check_otp/verify_otp/check_otp/verify_otp/check_otp/verify_otp/check_otp/verify_otp/check_otp/verif/index-27.html]
[www.pbssoft.com/verify_otp/check_otp/verify_otp/check_otp/verify_otp/check_otp/verify_otp/check_otp/verify_otp/check_otp/verify_otp/check_otp/verify_otp/check_otp/verify_otp/che/index-28.html]
[www.pbssoft.com/verify_otp/check_otp/verify_otp/check_otp/verify_otp/check_otp/verify_otp/check_otp/verify_otp/check_otp/verify_otp/check_otp/verify_otp/check_otp/verify_otp/che/index-28.html]
[www.pbssoft.com/career_application_form/index/job/verify_otp/check_otp/verify_otp/check_otp/verify_otp/check_otp/verify_otp/check_otp/verify_otp/check_otp/verify_otp/check_otp/v/index-28.html]
[www.pbssoft.com/career_application_form/index/job/verify_otp/check_otp/verify_otp/check_otp/verify_otp/check_otp/verify_otp/check_otp/verify_otp/check_otp/verify_otp/check_otp/v/index-28.html]
[www.pbssoft.com/career_application_form/index/verify_otp/check_otp/verify_otp/check_otp/verify_otp/check_otp/verify_otp/check_otp/verify_otp/check_otp/verify_otp/check_otp/verif/index-28.html]
[www.pbssoft.com/career_application_form/index/verify_otp/check_otp/verify_otp/check_otp/verify_otp/check_otp/verify_otp/check_otp/verify_otp/check_otp/verify_otp/check_otp/verif/index-28.html]
[www.pbssoft.com/verify_otp/check_otp/verify_otp/check_otp/verify_otp/check_otp/verify_otp/check_otp/verify_otp/check_otp/verify_otp/check_otp/verify_otp/check_otp/verify_otp/che/index-29.html]
[www.pbssoft.com/verify_otp/check_otp/verify_otp/check_otp/verify_otp/check_otp/verify_otp/check_otp/verify_otp/check_otp/verify_otp/check_otp/verify_otp/check_otp/verify_otp/che/index-29.html]
[www.pbssoft.com/career_application_form/index/job/verify_otp/check_otp/verify_otp/check_otp/verify_otp/check_otp/verify_otp/check_otp/verify_otp/check_otp/verify_otp/check_otp/v/index-29.html]
[www.pbssoft.com/career_application_form/index/job/verify_otp/check_otp/verify_otp/check_otp/verify_otp/check_otp/verify_otp/check_otp/verify_otp/check_otp/verify_otp/check_otp/v/index-29.html]
[www.pbssoft.com/career_application_form/index/verify_otp/check_otp/verify_otp/check_otp/verify_otp/check_otp/verify_otp/check_otp/verify_otp/check_otp/verify_otp/check_otp/verif/index-29.html]
[www.pbssoft.com/career_application_form/index/verify_otp/check_otp/verify_otp/check_otp/verify_otp/check_otp/verify_otp/check_otp/verify_otp/check_otp/verify_otp/check_otp/verif/index-29.html]
[www.pbssoft.com/verify_otp/check_otp/verify_otp/check_otp/verify_otp/check_otp/verify_otp/check_otp/verify_otp/check_otp/verify_otp/check_otp/verify_otp/check_otp/verify_otp/che/index-30.html]
[www.pbssoft.com/verify_otp/check_otp/verify_otp/check_otp/verify_otp/check_otp/verify_otp/check_otp/verify_otp/check_otp/verify_otp/check_otp/verify_otp/check_otp/verify_otp/che/index-30.html]
[www.pbssoft.com/career_application_form/index/job/verify_otp/check_otp/verify_otp/check_otp/verify_otp/check_otp/verify_otp/check_otp/verify_otp/check_otp/verify_otp/check_otp/v/index-30.html]
[www.pbssoft.com/career_application_form/index/job/verify_otp/check_otp/verify_otp/check_otp/verify_otp/check_otp/verify_otp/check_otp/verify_otp/check_otp/verify_otp/check_otp/v/index-30.html]
[www.pbssoft.com/career_application_form/index/verify_otp/check_otp/verify_otp/check_otp/verify_otp/check_otp/verify_otp/check_otp/verify_otp/check_otp/verify_otp/check_otp/verif/index-30.html]
[www.pbssoft.com/career_application_form/index/verify_otp/check_otp/verify_otp/check_otp/verify_otp/check_otp/verify_otp/check_otp/verify_otp/check_otp/verify_otp/check_otp/verif/index-30.html]
[www.pbssoft.com/verify_otp/check_otp/verify_otp/check_otp/verify_otp/check_otp/verify_otp/check_otp/verify_otp/check_otp/verify_otp/check_otp/verify_otp/check_otp/verify_otp/che/index-31.html]
[www.pbssoft.com/verify_otp/check_otp/verify_otp/check_otp/verify_otp/check_otp/verify_otp/check_otp/verify_otp/check_otp/verify_otp/check_otp/verify_otp/check_otp/verify_otp/che/index-31.html]
[www.pbssoft.com/career_application_form/index/job/verify_otp/check_otp/verify_otp/check_otp/verify_otp/check_otp/verify_otp/check_otp/verify_otp/check_otp/verify_otp/check_otp/v/index-31.html]
[www.pbssoft.com/career_application_form/index/job/verify_otp/check_otp/verify_otp/check_otp/verify_otp/check_otp/verify_otp/check_otp/verify_otp/check_otp/verify_otp/check_otp/v/index-31.html]
[www.pbssoft.com/career_application_form/index/verify_otp/check_otp/verify_otp/check_otp/verify_otp/check_otp/verify_otp/check_otp/verify_otp/check_otp/verify_otp/check_otp/verif/index-31.html]
[www.pbssoft.com/career_application_form/index/verify_otp/check_otp/verify_otp/check_otp/verify_otp/check_otp/verify_otp/check_otp/verify_otp/check_otp/verify_otp/check_otp/verif/index-31.html]
[www.pbssoft.com/verify_otp/check_otp/verify_otp/check_otp/verify_otp/check_otp/verify_otp/check_otp/verify_otp/check_otp/verify_otp/check_otp/verify_otp/check_otp/verify_otp/che/index-32.html]
[www.pbssoft.com/verify_otp/check_otp/verify_otp/check_otp/verify_otp/check_otp/verify_otp/check_otp/verify_otp/check_otp/verify_otp/check_otp/verify_otp/check_otp/verify_otp/che/index-32.html]
[www.pbssoft.com/career_application_form/index/job/verify_otp/check_otp/verify_otp/check_otp/verify_otp/check_otp/verify_otp/check_otp/verify_otp/check_otp/verify_otp/check_otp/v/index-32.html]
[www.pbssoft.com/career_application_form/index/job/verify_otp/check_otp/verify_otp/check_otp/verify_otp/check_otp/verify_otp/check_otp/verify_otp/check_otp/verify_otp/check_otp/v/index-32.html]
[www.pbssoft.com/career_application_form/index/verify_otp/check_otp/verify_otp/check_otp/verify_otp/check_otp/verify_otp/check_otp/verify_otp/check_otp/verify_otp/check_otp/verif/index-32.html]
[www.pbssoft.com/career_application_form/index/verify_otp/check_otp/verify_otp/check_otp/verify_otp/check_otp/verify_otp/check_otp/verify_otp/check_otp/verify_otp/check_otp/verif/index-32.html]
[www.pbssoft.com/verify_otp/check_otp/verify_otp/check_otp/verify_otp/check_otp/verify_otp/check_otp/verify_otp/check_otp/verify_otp/check_otp/verify_otp/check_otp/verify_otp/che/index-33.html]
[www.pbssoft.com/verify_otp/check_otp/verify_otp/check_otp/verify_otp/check_otp/verify_otp/check_otp/verify_otp/check_otp/verify_otp/check_otp/verify_otp/check_otp/verify_otp/che/index-33.html]
[www.pbssoft.com/career_application_form/index/job/verify_otp/check_otp/verify_otp/check_otp/verify_otp/check_otp/verify_otp/check_otp/verify_otp/check_otp/verify_otp/check_otp/v/index-33.html]
[www.pbssoft.com/career_application_form/index/job/verify_otp/check_otp/verify_otp/check_otp/verify_otp/check_otp/verify_otp/check_otp/verify_otp/check_otp/verify_otp/check_otp/v/index-33.html]
[www.pbssoft.com/career_application_form/index/verify_otp/check_otp/verify_otp/check_otp/verify_otp/check_otp/verify_otp/check_otp/verify_otp/check_otp/verify_otp/check_otp/verif/index-33.html]
[www.pbssoft.com/career_application_form/index/verify_otp/check_otp/verify_otp/check_otp/verify_otp/check_otp/verify_otp/check_otp/verify_otp/check_otp/verify_otp/check_otp/verif/index-33.html]
[www.pbssoft.com/verify_otp/check_otp/verify_otp/check_otp/verify_otp/check_otp/verify_otp/check_otp/verify_otp/check_otp/verify_otp/check_otp/verify_otp/check_otp/verify_otp/che/index-34.html]
[www.pbssoft.com/verify_otp/check_otp/verify_otp/check_otp/verify_otp/check_otp/verify_otp/check_otp/verify_otp/check_otp/verify_otp/check_otp/verify_otp/check_otp/verify_otp/che/index-34.html]
[www.pbssoft.com/career_application_form/index/job/verify_otp/check_otp/verify_otp/check_otp/verify_otp/check_otp/verify_otp/check_otp/verify_otp/check_otp/verify_otp/check_otp/v/index-34.html]
[www.pbssoft.com/career_application_form/index/job/verify_otp/check_otp/verify_otp/check_otp/verify_otp/check_otp/verify_otp/check_otp/verify_otp/check_otp/verify_otp/check_otp/v/index-34.html]
[www.pbssoft.com/career_application_form/index/verify_otp/check_otp/verify_otp/check_otp/verify_otp/check_otp/verify_otp/check_otp/verify_otp/check_otp/verify_otp/check_otp/verif/index-34.html]
[www.pbssoft.com/career_application_form/index/verify_otp/check_otp/verify_otp/check_otp/verify_otp/check_otp/verify_otp/check_otp/verify_otp/check_otp/verify_otp/check_otp/verif/index-34.html]
[www.pbssoft.com/verify_otp/check_otp/verify_otp/check_otp/verify_otp/check_otp/verify_otp/check_otp/verify_otp/check_otp/verify_otp/check_otp/verify_otp/check_otp/verify_otp/che/index-35.html]
[www.pbssoft.com/verify_otp/check_otp/verify_otp/check_otp/verify_otp/check_otp/verify_otp/check_otp/verify_otp/check_otp/verify_otp/check_otp/verify_otp/check_otp/verify_otp/che/index-35.html]
[www.pbssoft.com/career_application_form/index/job/verify_otp/check_otp/verify_otp/check_otp/verify_otp/check_otp/verify_otp/check_otp/verify_otp/check_otp/verify_otp/check_otp/v/index-35.html]
[www.pbssoft.com/career_application_form/index/job/verify_otp/check_otp/verify_otp/check_otp/verify_otp/check_otp/verify_otp/check_otp/verify_otp/check_otp/verify_otp/check_otp/v/index-35.html]
[www.pbssoft.com/career_application_form/index/verify_otp/check_otp/verify_otp/check_otp/verify_otp/check_otp/verify_otp/check_otp/verify_otp/check_otp/verify_otp/check_otp/verif/index-35.html]
[www.pbssoft.com/career_application_form/index/verify_otp/check_otp/verify_otp/check_otp/verify_otp/check_otp/verify_otp/check_otp/verify_otp/check_otp/verify_otp/check_otp/verif/index-35.html]
[www.pbssoft.com/verify_otp/check_otp/verify_otp/check_otp/verify_otp/check_otp/verify_otp/check_otp/verify_otp/check_otp/verify_otp/check_otp/verify_otp/check_otp/verify_otp/che/index-36.html]
[www.pbssoft.com/verify_otp/check_otp/verify_otp/check_otp/verify_otp/check_otp/verify_otp/check_otp/verify_otp/check_otp/verify_otp/check_otp/verify_otp/check_otp/verify_otp/che/index-36.html]
[www.pbssoft.com/career_application_form/index/job/verify_otp/check_otp/verify_otp/check_otp/verify_otp/check_otp/verify_otp/check_otp/verify_otp/check_otp/verify_otp/check_otp/v/index-36.html]
[www.pbssoft.com/career_application_form/index/job/verify_otp/check_otp/verify_otp/check_otp/verify_otp/check_otp/verify_otp/check_otp/verify_otp/check_otp/verify_otp/check_otp/v/index-36.html]
[www.pbssoft.com/career_application_form/index/verify_otp/check_otp/verify_otp/check_otp/verify_otp/check_otp/verify_otp/check_otp/verify_otp/check_otp/verify_otp/check_otp/verif/index-36.html]
[www.pbssoft.com/career_application_form/index/verify_otp/check_otp/verify_otp/check_otp/verify_otp/check_otp/verify_otp/check_otp/verify_otp/check_otp/verify_otp/check_otp/verif/index-36.html]
[www.pbssoft.com/verify_otp/check_otp/verify_otp/check_otp/verify_otp/check_otp/verify_otp/check_otp/verify_otp/check_otp/verify_otp/check_otp/verify_otp/check_otp/verify_otp/che/index-37.html]
[www.pbssoft.com/verify_otp/check_otp/verify_otp/check_otp/verify_otp/check_otp/verify_otp/check_otp/verify_otp/check_otp/verify_otp/check_otp/verify_otp/check_otp/verify_otp/che/index-37.html]
[www.pbssoft.com/career_application_form/index/job/verify_otp/check_otp/verify_otp/check_otp/verify_otp/check_otp/verify_otp/check_otp/verify_otp/check_otp/verify_otp/check_otp/v/index-37.html]
[www.pbssoft.com/career_application_form/index/job/verify_otp/check_otp/verify_otp/check_otp/verify_otp/check_otp/verify_otp/check_otp/verify_otp/check_otp/verify_otp/check_otp/v/index-37.html]
[www.pbssoft.com/career_application_form/index/verify_otp/check_otp/verify_otp/check_otp/verify_otp/check_otp/verify_otp/check_otp/verify_otp/check_otp/verify_otp/check_otp/verif/index-37.html]
[www.pbssoft.com/career_application_form/index/verify_otp/check_otp/verify_otp/check_otp/verify_otp/check_otp/verify_otp/check_otp/verify_otp/check_otp/verify_otp/check_otp/verif/index-37.html]
[www.pbssoft.com/verify_otp/check_otp/verify_otp/check_otp/verify_otp/check_otp/verify_otp/check_otp/verify_otp/check_otp/verify_otp/check_otp/verify_otp/check_otp/verify_otp/che/index-38.html]
[www.pbssoft.com/verify_otp/check_otp/verify_otp/check_otp/verify_otp/check_otp/verify_otp/check_otp/verify_otp/check_otp/verify_otp/check_otp/verify_otp/check_otp/verify_otp/che/index-38.html]
[www.pbssoft.com/career_application_form/index/job/verify_otp/check_otp/verify_otp/check_otp/verify_otp/check_otp/verify_otp/check_otp/verify_otp/check_otp/verify_otp/check_otp/v/index-38.html]
[www.pbssoft.com/career_application_form/index/job/verify_otp/check_otp/verify_otp/check_otp/verify_otp/check_otp/verify_otp/check_otp/verify_otp/check_otp/verify_otp/check_otp/v/index-38.html]
[www.pbssoft.com/career_application_form/index/verify_otp/check_otp/verify_otp/check_otp/verify_otp/check_otp/verify_otp/check_otp/verify_otp/check_otp/verify_otp/check_otp/verif/index-38.html]
[www.pbssoft.com/career_application_form/index/verify_otp/check_otp/verify_otp/check_otp/verify_otp/check_otp/verify_otp/check_otp/verify_otp/check_otp/verify_otp/check_otp/verif/index-38.html]
[www.pbssoft.com/verify_otp/check_otp/verify_otp/check_otp/verify_otp/check_otp/verify_otp/check_otp/verify_otp/check_otp/verify_otp/check_otp/verify_otp/check_otp/verify_otp/che/index-39.html]
[www.pbssoft.com/verify_otp/check_otp/verify_otp/check_otp/verify_otp/check_otp/verify_otp/check_otp/verify_otp/check_otp/verify_otp/check_otp/verify_otp/check_otp/verify_otp/che/index-39.html]
[www.pbssoft.com/career_application_form/index/job/verify_otp/check_otp/verify_otp/check_otp/verify_otp/check_otp/verify_otp/check_otp/verify_otp/check_otp/verify_otp/check_otp/v/index-39.html]
[www.pbssoft.com/career_application_form/index/job/verify_otp/check_otp/verify_otp/check_otp/verify_otp/check_otp/verify_otp/check_otp/verify_otp/check_otp/verify_otp/check_otp/v/index-39.html]
[www.pbssoft.com/career_application_form/index/verify_otp/check_otp/verify_otp/check_otp/verify_otp/check_otp/verify_otp/check_otp/verify_otp/check_otp/verify_otp/check_otp/verif/index-39.html]
[www.pbssoft.com/career_application_form/index/verify_otp/check_otp/verify_otp/check_otp/verify_otp/check_otp/verify_otp/check_otp/verify_otp/check_otp/verify_otp/check_otp/verif/index-39.html]
[www.pbssoft.com/verify_otp/check_otp/verify_otp/check_otp/verify_otp/check_otp/verify_otp/check_otp/verify_otp/check_otp/verify_otp/check_otp/verify_otp/check_otp/verify_otp/che/index-40.html]
[www.pbssoft.com/verify_otp/check_otp/verify_otp/check_otp/verify_otp/check_otp/verify_otp/check_otp/verify_otp/check_otp/verify_otp/check_otp/verify_otp/check_otp/verify_otp/che/index-40.html]
[www.pbssoft.com/career_application_form/index/job/verify_otp/check_otp/verify_otp/check_otp/verify_otp/check_otp/verify_otp/check_otp/verify_otp/check_otp/verify_otp/check_otp/v/index-40.html]
[www.pbssoft.com/career_application_form/index/job/verify_otp/check_otp/verify_otp/check_otp/verify_otp/check_otp/verify_otp/check_otp/verify_otp/check_otp/verify_otp/check_otp/v/index-40.html]
[www.pbssoft.com/career_application_form/index/verify_otp/check_otp/verify_otp/check_otp/verify_otp/check_otp/verify_otp/check_otp/verify_otp/check_otp/verify_otp/check_otp/verif/index-40.html]
[www.pbssoft.com/career_application_form/index/verify_otp/check_otp/verify_otp/check_otp/verify_otp/check_otp/verify_otp/check_otp/verify_otp/check_otp/verify_otp/check_otp/verif/index-40.html]
[www.pbssoft.com/verify_otp/check_otp/verify_otp/check_otp/verify_otp/check_otp/verify_otp/check_otp/verify_otp/check_otp/verify_otp/check_otp/verify_otp/check_otp/verify_otp/che/index-41.html]
[www.pbssoft.com/verify_otp/check_otp/verify_otp/check_otp/verify_otp/check_otp/verify_otp/check_otp/verify_otp/check_otp/verify_otp/check_otp/verify_otp/check_otp/verify_otp/che/index-41.html]
[www.pbssoft.com/career_application_form/index/job/verify_otp/check_otp/verify_otp/check_otp/verify_otp/check_otp/verify_otp/check_otp/verify_otp/check_otp/verify_otp/check_otp/v/index-41.html]
[www.pbssoft.com/career_application_form/index/job/verify_otp/check_otp/verify_otp/check_otp/verify_otp/check_otp/verify_otp/check_otp/verify_otp/check_otp/verify_otp/check_otp/v/index-41.html]
[www.pbssoft.com/career_application_form/index/verify_otp/check_otp/verify_otp/check_otp/verify_otp/check_otp/verify_otp/check_otp/verify_otp/check_otp/verify_otp/check_otp/verif/index-41.html]
[www.pbssoft.com/career_application_form/index/verify_otp/check_otp/verify_otp/check_otp/verify_otp/check_otp/verify_otp/check_otp/verify_otp/check_otp/verify_otp/check_otp/verif/index-41.html]
